Archive member included to satisfy reference by file (symbol)

C:/Program Files/SEGGER/SEGGER Embedded Studio for ARM 7.10a/lib/libc_v7em_fpv4_sp_d16_hard_t_le_eabi_balanced.a(intasmops_arm.o)
                              Output/Debug/Obj/nRF52_project/bsp.o (__aeabi_uldivmod)
C:/Program Files/SEGGER/SEGGER Embedded Studio for ARM 7.10a/lib/libc_v7em_fpv4_sp_d16_hard_t_le_eabi_balanced.a(mbops.o)
                              Output/Debug/Obj/nRF52_project/nrf_log_str_formatter.o (isprint)
C:/Program Files/SEGGER/SEGGER Embedded Studio for ARM 7.10a/lib/libc_v7em_fpv4_sp_d16_hard_t_le_eabi_balanced.a(sortops.o)
                              C:/Program Files/SEGGER/SEGGER Embedded Studio for ARM 7.10a/lib/libc_v7em_fpv4_sp_d16_hard_t_le_eabi_balanced.a(mbops.o) (bsearch)
C:/Program Files/SEGGER/SEGGER Embedded Studio for ARM 7.10a/lib/libc_v7em_fpv4_sp_d16_hard_t_le_eabi_balanced.a(strasmops_arm.o)
                              Output/Debug/Obj/nRF52_project/nrf_fprintf_format.o (strlen)
C:/Program Files/SEGGER/SEGGER Embedded Studio for ARM 7.10a/lib/libc_v7em_fpv4_sp_d16_hard_t_le_eabi_balanced.a(strops.o)
                              C:/Program Files/SEGGER/SEGGER Embedded Studio for ARM 7.10a/lib/libc_v7em_fpv4_sp_d16_hard_t_le_eabi_balanced.a(mbops.o) (strcat)
C:/Program Files/SEGGER/SEGGER Embedded Studio for ARM 7.10a/lib/libc_v7em_fpv4_sp_d16_hard_t_le_eabi_balanced.a(timeops.o)
                              C:/Program Files/SEGGER/SEGGER Embedded Studio for ARM 7.10a/lib/libc_v7em_fpv4_sp_d16_hard_t_le_eabi_balanced.a(mbops.o) (__SEGGER_RTL_string_list_encode)
C:/Program Files/SEGGER/SEGGER Embedded Studio for ARM 7.10a/lib/libc_v7em_fpv4_sp_d16_hard_t_le_eabi_balanced.a(__SEGGER_RTL_vfprintf_long.o)
                              (__SEGGER_RTL_vfprintf_long)
C:/Program Files/SEGGER/SEGGER Embedded Studio for ARM 7.10a/lib/libc_v7em_fpv4_sp_d16_hard_t_le_eabi_balanced.a(__SEGGER_RTL_vfscanf_long.o)
                              (__SEGGER_RTL_vfscanf_long)
C:/Program Files/SEGGER/SEGGER Embedded Studio for ARM 7.10a/lib/libc_v7em_fpv4_sp_d16_hard_t_le_eabi_balanced.a(errno.o)
                              C:/Program Files/SEGGER/SEGGER Embedded Studio for ARM 7.10a/lib/libc_v7em_fpv4_sp_d16_hard_t_le_eabi_balanced.a(mbops.o) (__aeabi_errno_addr)
C:/Program Files/SEGGER/SEGGER Embedded Studio for ARM 7.10a/lib/libc_v7em_fpv4_sp_d16_hard_t_le_eabi_balanced.a(execops.o)
                              C:/Program Files/SEGGER/SEGGER Embedded Studio for ARM 7.10a/lib/libc_v7em_fpv4_sp_d16_hard_t_le_eabi_balanced.a(strops.o) (__SEGGER_RTL_constraint_violation)
C:/Program Files/SEGGER/SEGGER Embedded Studio for ARM 7.10a/lib/libc_v7em_fpv4_sp_d16_hard_t_le_eabi_balanced.a(execops_arm.o)
                              C:/Program Files/SEGGER/SEGGER Embedded Studio for ARM 7.10a/lib/libc_v7em_fpv4_sp_d16_hard_t_le_eabi_balanced.a(execops.o) (__aeabi_SIGABRT)
C:/Program Files/SEGGER/SEGGER Embedded Studio for ARM 7.10a/lib/libc_v7em_fpv4_sp_d16_hard_t_le_eabi_balanced.a(floatasmops_arm.o)
                              C:/Program Files/SEGGER/SEGGER Embedded Studio for ARM 7.10a/lib/libc_v7em_fpv4_sp_d16_hard_t_le_eabi_balanced.a(timeops.o) (__aeabi_i2d)
C:/Program Files/SEGGER/SEGGER Embedded Studio for ARM 7.10a/lib/libc_v7em_fpv4_sp_d16_hard_t_le_eabi_balanced.a(intops.o)
                              C:/Program Files/SEGGER/SEGGER Embedded Studio for ARM 7.10a/lib/libc_v7em_fpv4_sp_d16_hard_t_le_eabi_balanced.a(timeops.o) (div)
C:/Program Files/SEGGER/SEGGER Embedded Studio for ARM 7.10a/lib/libc_v7em_fpv4_sp_d16_hard_t_le_eabi_balanced.a(utilops.o)
                              C:/Program Files/SEGGER/SEGGER Embedded Studio for ARM 7.10a/lib/libc_v7em_fpv4_sp_d16_hard_t_le_eabi_balanced.a(__SEGGER_RTL_vfscanf_long.o) (__SEGGER_RTL_digit)
C:/Program Files/SEGGER/SEGGER Embedded Studio for ARM 7.10a/lib/libc_v7em_fpv4_sp_d16_hard_t_le_eabi_balanced.a(prinops.o)
                              C:/Program Files/SEGGER/SEGGER Embedded Studio for ARM 7.10a/lib/libc_v7em_fpv4_sp_d16_hard_t_le_eabi_balanced.a(__SEGGER_RTL_vfprintf_long.o) (__SEGGER_RTL_putc)
C:/Program Files/SEGGER/SEGGER Embedded Studio for ARM 7.10a/lib/libc_v7em_fpv4_sp_d16_hard_t_le_eabi_balanced.a(convops.o)
                              C:/Program Files/SEGGER/SEGGER Embedded Studio for ARM 7.10a/lib/libc_v7em_fpv4_sp_d16_hard_t_le_eabi_balanced.a(execops.o) (itoa)
C:/Program Files/SEGGER/SEGGER Embedded Studio for ARM 7.10a/lib/libc_v7em_fpv4_sp_d16_hard_t_le_eabi_balanced.a(fileops.o)
                              C:/Program Files/SEGGER/SEGGER Embedded Studio for ARM 7.10a/lib/libc_v7em_fpv4_sp_d16_hard_t_le_eabi_balanced.a(prinops.o) (fwrite)
C:/Program Files/SEGGER/SEGGER Embedded Studio for ARM 7.10a/lib/libc_v7em_fpv4_sp_d16_hard_t_le_eabi_balanced.a(floatops.o)
[...]
Memory Configuration

Name             Origin             Length             Attributes
UNPLACED_SECTIONS 0x0000000100000000 0x0000000000000000 xw
RAM1             0x0000000020000000 0x0000000000040000 xw
FLASH1           0x0000000000000000 0x0000000000100000 xw
*default*        0x0000000000000000 0xffffffffffffffff

Linker script and memory map

                0x0000000000000000                __SEGGER_RTL_vfprintf = __SEGGER_RTL_vfprintf_long
                0x0000000000000000                __SEGGER_RTL_vfscanf = __SEGGER_RTL_vfscanf_long
                0x0000000020000000                __RAM1_segment_start__ = 0x20000000
                0x0000000020040000                __RAM1_segment_end__ = 0x20040000
                0x0000000000040000                __RAM1_segment_size__ = 0x40000
                0x0000000000000000                __FLASH1_segment_start__ = 0x0
                0x0000000000100000                __FLASH1_segment_end__ = 0x100000
                0x0000000000100000                __FLASH1_segment_size__ = 0x100000
                0x0000000000002000                __HEAPSIZE__ = 0x2000
                0x0000000000000000                __STACKSIZE_PROCESS__ = 0x0
                0x0000000000002000                __STACKSIZE__ = 0x2000
                0x0000000020000000                __vectors_ram_load_start__ = 0x20000000

.vectors_ram    0x0000000020000000        0x0
                0x0000000020000000                __vectors_ram_start__ = .
                0x0000000020000000                __app_ram_start__ = __vectors_ram_start__
 *(.vectors_ram .vectors_ram.*)
                0x0000000020000000                __vectors_ram_end__ = (__vectors_ram_start__ + SIZEOF (.vectors_ram))
                0x0000000000000000                __vectors_ram_size__ = SIZEOF (.vectors_ram)
                0x0000000020000000                __vectors_ram_load_end__ = __vectors_ram_end__
                0x0000000000000001                . = ASSERT (((__vectors_ram_start__ == __vectors_ram_end__) || ((__vectors_ram_end__ - __RAM1_segment_start__) <= __RAM1_segment_size__)), error: .vectors_ram is too large to fit in RAM1 memory segment)
                0x0000000020000000                __nrf_sections_run_load_start__ = ALIGN (__vectors_ram_end__, 0x4)

.nrf_sections_run
                0x0000000020000000        0x0
                0x0000000020000000                __nrf_sections_run_start__ = .
                0x0000000020000000                __start_nrf_sections_run = __nrf_sections_run_start__
 *(.nrf_sections_run .nrf_sections_run.*)
                0x0000000020000000                __nrf_sections_run_end__ = (__nrf_sections_run_start__ + SIZEOF (.nrf_sections_run))
                0x0000000000000000                __nrf_sections_run_size__ = SIZEOF (.nrf_sections_run)
                0x0000000020000000                __nrf_sections_run_load_end__ = __nrf_sections_run_end__
                0x0000000000000001                . = ASSERT (((__nrf_sections_run_start__ == __nrf_sections_run_end__) || ((__nrf_sections_run_end__ - __RAM1_segment_start__) <= __RAM1_segment_size__)), error: .nrf_sections_run is too large to fit in RAM1 memory segment)
                0x0000000000000000                __vectors_load_start__ = 0x0

.vectors        0x0000000000000000      0x200
                0x0000000000000000                __vectors_start__ = .
 *(.vectors .vectors.*)
 .vectors       0x0000000000000000      0x200 Output/Debug/Obj/nRF52_project/ses_startup_nrf52840.o
                0x0000000000000000                _vectors
                0x0000000000000200                __vectors_end__ = (__vectors_start__ + SIZEOF (.vectors))
                0x0000000000000200                __vectors_size__ = SIZEOF (.vectors)
                0x0000000000000200                __vectors_load_end__ = __vectors_end__
                0x0000000000000001                . = ASSERT (((__vectors_start__ == __vectors_end__) || ((__vectors_end__ - __FLASH1_segment_start__) <= __FLASH1_segment_size__)), error: .vectors is too large to fit in FLASH1 memory segment)
                0x0000000000000200                __init_load_start__ = ALIGN (__vectors_end__, 0x4)

.init           0x0000000000000200      0x1cc
                0x0000000000000200                __init_start__ = .
 *(.init .init.*)
 .init          0x0000000000000200       0x18 Output/Debug/Obj/nRF52_project/ses_startup_nrf52840.o
                0x0000000000000200                NMI_Handler
                0x0000000000000202                HardFault_Handler
                0x0000000000000204                MemoryManagement_Handler
                0x0000000000000206                BusFault_Handler
                0x0000000000000208                UsageFault_Handler
                0x000000000000020a                SVC_Handler
                0x000000000000020c                DebugMon_Handler
                0x000000000000020e                PendSV_Handler
                0x0000000000000210                SysTick_Handler
                0x0000000000000212                PWM1_IRQHandler
                0x0000000000000212                RTC0_IRQHandler
                0x0000000000000212                POWER_CLOCK_IRQHandler
                0x0000000000000212                RADIO_IRQHandler
                0x0000000000000212                PDM_IRQHandler
                0x0000000000000212                TEMP_IRQHandler
                0x0000000000000212                QDEC_IRQHandler
                0x0000000000000212                TIMER3_IRQHandler
                0x0000000000000212                PWM3_IRQHandler
                0x0000000000000212                FPU_IRQHandler
                0x0000000000000212                USBD_IRQHandler
                0x0000000000000212                QSPI_IRQHandler
                0x0000000000000212                TIMER4_IRQHandler
                0x0000000000000212                CRYPTOCELL_IRQHandler
                0x0000000000000212                SWI2_EGU2_IRQHandler
                0x0000000000000212                SWI4_EGU4_IRQHandler
                0x0000000000000212                TIMER0_IRQHandler
                0x0000000000000212                UARTE1_IRQHandler
                0x0000000000000212                Dummy_Handler
                0x0000000000000212                TIMER1_IRQHandler
                0x0000000000000212                SPIM3_IRQHandler
                0x0000000000000212                PWM2_IRQHandler
                0x0000000000000212                ECB_IRQHandler
                0x0000000000000212                SPIM1_SPIS1_TWIM1_TWIS1_SPI1_TWI1_IRQHandler
                0x0000000000000212                SAADC_IRQHandler
                0x0000000000000212                CCM_AAR_IRQHandler
                0x0000000000000212                WDT_IRQHandler
                0x0000000000000212                SWI0_EGU0_IRQHandler
                0x0000000000000212                SWI5_EGU5_IRQHandler
                0x0000000000000212                RNG_IRQHandler
                0x0000000000000212                RTC2_IRQHandler
                0x0000000000000212                PWM0_IRQHandler
                0x0000000000000212                SWI3_EGU3_IRQHandler
                0x0000000000000212                SWI1_EGU1_IRQHandler
                0x0000000000000212                SPIM2_SPIS2_SPI2_IRQHandler
                0x0000000000000212                NFCT_IRQHandler
                0x0000000000000212                I2S_IRQHandler
                0x0000000000000212                MWU_IRQHandler
                0x0000000000000212                TIMER2_IRQHandler
                0x0000000000000212                COMP_LPCOMP_IRQHandler
                0x0000000000000214                nRFInitialize
 .init          0x0000000000000218       0x5c Output/Debug/Obj/nRF52_project/ses_startup_nrf_common.o
                0x0000000000000218                Reset_Handler
                0x000000000000021c                afterInitialize
                0x0000000000000240                InitializeUserMemorySections
 .init          0x0000000000000274      0x158 Output/Debug/Obj/nRF52_project/thumb_crt0.o
                0x0000000000000274                _start
                0x0000000000000322                exit
                0x00000000000003cc                __init_end__ = (__init_start__ + SIZEOF (.init))
                0x00000000000001cc                __init_size__ = SIZEOF (.init)
                0x00000000000003cc                __init_load_end__ = __init_end__
                0x0000000000000001                . = ASSERT (((__init_start__ == __init_end__) || ((__init_end__ - __FLASH1_segment_start__) <= __FLASH1_segment_size__)), error: .init is too large to fit in FLASH1 memory segment)
                0x00000000000003cc                __init_rodata_load_start__ = ALIGN (__init_end__, 0x4)

.init_rodata    0x00000000000003cc        0x0
                0x00000000000003cc                __init_rodata_start__ = .
 *(.init_rodata .init_rodata.*)
                0x00000000000003cc                __init_rodata_end__ = (__init_rodata_start__ + SIZEOF (.init_rodata))
                0x0000000000000000                __init_rodata_size__ = SIZEOF (.init_rodata)
                0x00000000000003cc                __init_rodata_load_end__ = __init_rodata_end__
                0x0000000000000001                . = ASSERT (((__init_rodata_start__ == __init_rodata_end__) || ((__init_rodata_end__ - __FLASH1_segment_start__) <= __FLASH1_segment_size__)), error: .init_rodata is too large to fit in FLASH1 memory segment)
                0x00000000000003cc                __text_load_start__ = ALIGN (__init_rodata_end__, 0x4)

.text           0x00000000000003cc     0x5838
                0x00000000000003cc                __text_start__ = .
 *(.text .text.* .gnu.linkonce.t.* .glue_7t .glue_7 .gcc_except_table .ARM.extab* .gnu.linkonce.armextab.*)
 .glue_7        0x00000000000003cc        0x0 linker stubs
 .glue_7t       0x00000000000003cc        0x0 linker stubs
 .text.nrfx_coredep_delay_us
                0x00000000000003cc       0x30 Output/Debug/Obj/nRF52_project/main.o
 .text.nrf_delay_ms
                0x00000000000003fc       0x2a Output/Debug/Obj/nRF52_project/main.o
 *fill*         0x0000000000000426        0x2 
 .text.nrf_gpio_pin_port_decode
                0x0000000000000428       0x4c Output/Debug/Obj/nRF52_project/main.o
 .text.nrf_gpio_pin_toggle
                0x0000000000000474       0x44 Output/Debug/Obj/nRF52_project/main.o
 .text.nrf_gpio_pin_present_check
                0x00000000000004b8       0x50 Output/Debug/Obj/nRF52_project/main.o
 .text.main     0x0000000000000508       0x3c Output/Debug/Obj/nRF52_project/main.o
                0x0000000000000508                main
 .text.nrf_gpio_pin_port_decode
                0x0000000000000544       0x4c Output/Debug/Obj/nRF52_project/boards.o
 .text.nrf_gpio_cfg
                0x0000000000000590       0x62 Output/Debug/Obj/nRF52_project/boards.o
 .text.nrf_gpio_cfg_output
                0x00000000000005f2       0x22 Output/Debug/Obj/nRF52_project/boards.o
 .text.nrf_gpio_cfg_input
                0x0000000000000614       0x2a Output/Debug/Obj/nRF52_project/boards.o
 .text.nrf_gpio_pin_set
                0x000000000000063e       0x28 Output/Debug/Obj/nRF52_project/boards.o
 .text.nrf_gpio_pin_clear
                0x0000000000000666       0x28 Output/Debug/Obj/nRF52_project/boards.o
 .text.nrf_gpio_pin_write
                0x000000000000068e       0x24 Output/Debug/Obj/nRF52_project/boards.o
 .text.nrf_gpio_port_out_set
                0x00000000000006b2       0x14 Output/Debug/Obj/nRF52_project/boards.o
 .text.nrf_gpio_port_out_clear
                0x00000000000006c6       0x14 Output/Debug/Obj/nRF52_project/boards.o
 .text.nrf_gpio_pin_present_check
                0x00000000000006da       0x50 Output/Debug/Obj/nRF52_project/boards.o
 *fill*         0x000000000000072a        0x2 
 .text.bsp_board_led_off
                0x000000000000072c       0x34 Output/Debug/Obj/nRF52_project/boards.o
                0x000000000000072c                bsp_board_led_off
 .text.bsp_board_leds_off
                0x0000000000000760       0x26 Output/Debug/Obj/nRF52_project/boards.o
                0x0000000000000760                bsp_board_leds_off
 *fill*         0x0000000000000786        0x2 
 .text.bsp_board_leds_init
                0x0000000000000788       0x34 Output/Debug/Obj/nRF52_project/boards.o
 .text.bsp_board_buttons_init
                0x00000000000007bc       0x34 Output/Debug/Obj/nRF52_project/boards.o
 .text.bsp_board_init
                0x00000000000007f0       0x2a Output/Debug/Obj/nRF52_project/boards.o
                0x00000000000007f0                bsp_board_init
 *fill*         0x000000000000081a        0x2 
 .text.nrfx_coredep_delay_us
                0x000000000000081c       0x30 Output/Debug/Obj/nRF52_project/lcd_power_cfg.o
 .text.nrf_gpio_pin_port_decode
                0x000000000000084c       0x4c Output/Debug/Obj/nRF52_project/lcd_power_cfg.o
 .text.nrf_gpio_cfg
                0x0000000000000898       0x62 Output/Debug/Obj/nRF52_project/lcd_power_cfg.o
 .text.nrf_gpio_cfg_output
                0x00000000000008fa       0x22 Output/Debug/Obj/nRF52_project/lcd_power_cfg.o
 .text.nrf_gpio_pin_set
                0x000000000000091c       0x28 Output/Debug/Obj/nRF52_project/lcd_power_cfg.o
 .text.nrf_gpio_pin_clear
                0x0000000000000944       0x28 Output/Debug/Obj/nRF52_project/lcd_power_cfg.o
 .text.nrf_gpio_port_out_set
                0x000000000000096c       0x14 Output/Debug/Obj/nRF52_project/lcd_power_cfg.o
 .text.nrf_gpio_port_out_clear
                0x0000000000000980       0x14 Output/Debug/Obj/nRF52_project/lcd_power_cfg.o
 .text.nrf_gpio_pin_present_check
                0x0000000000000994       0x50 Output/Debug/Obj/nRF52_project/lcd_power_cfg.o
 .text.nrf_delay_ms
                0x00000000000009e4       0x2a Output/Debug/Obj/nRF52_project/lcd_power_cfg.o
 .text.lcd_pin_init
                0x0000000000000a0e       0x5a Output/Debug/Obj/nRF52_project/lcd_power_cfg.o
                0x0000000000000a0e                lcd_pin_init
 .text.lcd_power_on
                0x0000000000000a68       0xa8 Output/Debug/Obj/nRF52_project/lcd_power_cfg.o
                0x0000000000000a68                lcd_power_on
 .text.write_command_or_data
                0x0000000000000b10       0x84 Output/Debug/Obj/nRF52_project/lcd_power_cfg.o
 .text.print_layer
                0x0000000000000b94       0xe4 Output/Debug/Obj/nRF52_project/lcd_power_cfg.o
                0x0000000000000b94                print_layer
 .text.get_palette_2bit_data
                0x0000000000000c78       0xac Output/Debug/Obj/nRF52_project/lcd_power_cfg.o
 .text.get_palette_4bit_index
                0x0000000000000d24       0x34 Output/Debug/Obj/nRF52_project/lcd_power_cfg.o
 .text.draw_layer
                0x0000000000000d58      0x1d0 Output/Debug/Obj/nRF52_project/lcd_power_cfg.o
                0x0000000000000d58                draw_layer
 .text.__NVIC_SystemReset
                0x0000000000000f28       0x28 Output/Debug/Obj/nRF52_project/system_nrf52840.o
 .text.nrf52_errata_36
                0x0000000000000f50       0x64 Output/Debug/Obj/nRF52_project/system_nrf52840.o
 .text.nrf52_errata_66
                0x0000000000000fb4       0x64 Output/Debug/Obj/nRF52_project/system_nrf52840.o
 .text.nrf52_errata_98
                0x0000000000001018       0x64 Output/Debug/Obj/nRF52_project/system_nrf52840.o
 .text.nrf52_errata_103
                0x000000000000107c       0x64 Output/Debug/Obj/nRF52_project/system_nrf52840.o
 .text.nrf52_errata_115
                0x00000000000010e0       0x64 Output/Debug/Obj/nRF52_project/system_nrf52840.o
 .text.nrf52_errata_120
                0x0000000000001144       0x64 Output/Debug/Obj/nRF52_project/system_nrf52840.o
 .text.nrf52_errata_136
                0x00000000000011a8       0x64 Output/Debug/Obj/nRF52_project/system_nrf52840.o
 .text.nrf52_errata_249
                0x000000000000120c       0x64 Output/Debug/Obj/nRF52_project/system_nrf52840.o
 .text.nrf52_handle_approtect
                0x0000000000001270       0x20 Output/Debug/Obj/nRF52_project/system_nrf52840.o
 .text.nvmc_wait
                0x0000000000001290       0x18 Output/Debug/Obj/nRF52_project/system_nrf52840.o
                0x0000000000001290                nvmc_wait
 .text.nvmc_config
                0x00000000000012a8       0x20 Output/Debug/Obj/nRF52_project/system_nrf52840.o
                0x00000000000012a8                nvmc_config
 .text.SystemCoreClockUpdate
                0x00000000000012c8       0x14 Output/Debug/Obj/nRF52_project/system_nrf52840.o
                0x00000000000012c8                SystemCoreClockUpdate
 .text.SystemInit
                0x00000000000012dc      0x228 Output/Debug/Obj/nRF52_project/system_nrf52840.o
                0x00000000000012dc                SystemInit
 .text.uarte_evt_handler
                0x0000000000001504       0x50 Output/Debug/Obj/nRF52_project/nrf_drv_uart.o
 .text.uart_evt_handler
                0x0000000000001554       0x50 Output/Debug/Obj/nRF52_project/nrf_drv_uart.o
 .text.nrf_drv_uart_init
                0x00000000000015a4       0xdc Output/Debug/Obj/nRF52_project/nrf_drv_uart.o
                0x00000000000015a4                nrf_drv_uart_init
 .text.nrf_gpiote_event_is_set
                0x0000000000001680       0x2a Output/Debug/Obj/nRF52_project/nrfx_gpiote.o
 .text.nrf_gpiote_event_clear
                0x00000000000016aa       0x36 Output/Debug/Obj/nRF52_project/nrfx_gpiote.o
 .text.nrf_gpiote_event_addr_get
                0x00000000000016e0       0x1a Output/Debug/Obj/nRF52_project/nrfx_gpiote.o
 *fill*         0x00000000000016fa        0x2 
 .text.nrf_gpiote_int_is_enabled
                0x00000000000016fc       0x18 Output/Debug/Obj/nRF52_project/nrfx_gpiote.o
 .text.nrf_gpiote_event_pin_get
                0x0000000000001714       0x20 Output/Debug/Obj/nRF52_project/nrfx_gpiote.o
 .text.nrf_gpiote_event_polarity_get
                0x0000000000001734       0x24 Output/Debug/Obj/nRF52_project/nrfx_gpiote.o
 .text.nrf_gpio_pin_port_decode
                0x0000000000001758       0x4c Output/Debug/Obj/nRF52_project/nrfx_gpiote.o
 .text.nrf_gpio_cfg_sense_set
                0x00000000000017a4       0x5c Output/Debug/Obj/nRF52_project/nrfx_gpiote.o
 .text.nrf_gpio_pin_sense_get
                0x0000000000001800       0x2c Output/Debug/Obj/nRF52_project/nrfx_gpiote.o
 .text.nrf_gpio_latches_read_and_clear
                0x000000000000182c       0x68 Output/Debug/Obj/nRF52_project/nrfx_gpiote.o
 .text.nrf_gpio_pin_latch_clear
                0x0000000000001894       0x28 Output/Debug/Obj/nRF52_project/nrfx_gpiote.o
 .text.nrf_gpio_pin_present_check
                0x00000000000018bc       0x50 Output/Debug/Obj/nRF52_project/nrfx_gpiote.o
 .text.nrf_bitmask_bit_is_set
                0x000000000000190c       0x30 Output/Debug/Obj/nRF52_project/nrfx_gpiote.o
 .text.channel_port_get
                0x000000000000193c       0x1c Output/Debug/Obj/nRF52_project/nrfx_gpiote.o
 .text.channel_handler_get
                0x0000000000001958       0x18 Output/Debug/Obj/nRF52_project/nrfx_gpiote.o
 .text.port_handler_pin_get
                0x0000000000001970       0x28 Output/Debug/Obj/nRF52_project/nrfx_gpiote.o
 .text.port_handler_polarity_get
                0x0000000000001998       0x28 Output/Debug/Obj/nRF52_project/nrfx_gpiote.o
 .text.latch_pending_read_and_check
                0x00000000000019c0       0x3e Output/Debug/Obj/nRF52_project/nrfx_gpiote.o
 *fill*         0x00000000000019fe        0x2 
 .text.port_event_handle
                0x0000000000001a00       0xe4 Output/Debug/Obj/nRF52_project/nrfx_gpiote.o
 .text.GPIOTE_IRQHandler
                0x0000000000001ae4      0x108 Output/Debug/Obj/nRF52_project/nrfx_gpiote.o
                0x0000000000001ae4                GPIOTE_IRQHandler
 .text.UARTE0_UART0_IRQHandler
                0x0000000000001bec       0x24 Output/Debug/Obj/nRF52_project/nrfx_prs.o
                0x0000000000001bec                UARTE0_UART0_IRQHandler
 .text.prs_box_get
                0x0000000000001c10       0x20 Output/Debug/Obj/nRF52_project/nrfx_prs.o
 .text.nrfx_prs_acquire
                0x0000000000001c30       0x74 Output/Debug/Obj/nRF52_project/nrfx_prs.o
                0x0000000000001c30                nrfx_prs_acquire
 .text.nrfx_prs_release
                0x0000000000001ca4       0x3c Output/Debug/Obj/nRF52_project/nrfx_prs.o
                0x0000000000001ca4                nrfx_prs_release
 .text.nrf_spim_event_clear
                0x0000000000001ce0       0x2a Output/Debug/Obj/nRF52_project/nrfx_spim.o
 .text.nrf_spim_event_check
                0x0000000000001d0a       0x24 Output/Debug/Obj/nRF52_project/nrfx_spim.o
 *fill*         0x0000000000001d2e        0x2 
 .text.nrf_gpio_pin_port_decode
                0x0000000000001d30       0x4c Output/Debug/Obj/nRF52_project/nrfx_spim.o
 .text.nrf_gpio_pin_set
                0x0000000000001d7c       0x28 Output/Debug/Obj/nRF52_project/nrfx_spim.o
 .text.nrf_gpio_pin_clear
                0x0000000000001da4       0x28 Output/Debug/Obj/nRF52_project/nrfx_spim.o
 .text.nrf_gpio_port_out_set
                0x0000000000001dcc       0x14 Output/Debug/Obj/nRF52_project/nrfx_spim.o
 .text.nrf_gpio_port_out_clear
                0x0000000000001de0       0x14 Output/Debug/Obj/nRF52_project/nrfx_spim.o
 .text.nrf_gpio_pin_present_check
                0x0000000000001df4       0x50 Output/Debug/Obj/nRF52_project/nrfx_spim.o
 .text.finish_transfer
                0x0000000000001e44       0x52 Output/Debug/Obj/nRF52_project/nrfx_spim.o
 *fill*         0x0000000000001e96        0x2 
 .text.irq_handler
                0x0000000000001e98       0x48 Output/Debug/Obj/nRF52_project/nrfx_spim.o
 .text.SPIM0_SPIS0_TWIM0_TWIS0_SPI0_TWI0_IRQHandler
                0x0000000000001ee0       0x18 Output/Debug/Obj/nRF52_project/nrfx_spim.o
                0x0000000000001ee0                SPIM0_SPIS0_TWIM0_TWIS0_SPI0_TWI0_IRQHandler
 .text.__NVIC_EnableIRQ
                0x0000000000001ef8       0x34 Output/Debug/Obj/nRF52_project/nrfx_uart.o
 .text.__NVIC_DisableIRQ
                0x0000000000001f2c       0x44 Output/Debug/Obj/nRF52_project/nrfx_uart.o
 .text.__NVIC_SetPriority
                0x0000000000001f70       0x50 Output/Debug/Obj/nRF52_project/nrfx_uart.o
 .text.nrfx_get_irq_number
                0x0000000000001fc0       0x10 Output/Debug/Obj/nRF52_project/nrfx_uart.o
 .text._NRFX_IRQ_PRIORITY_SET
                0x0000000000001fd0       0x40 Output/Debug/Obj/nRF52_project/nrfx_uart.o
 .text._NRFX_IRQ_ENABLE
                0x0000000000002010       0x1c Output/Debug/Obj/nRF52_project/nrfx_uart.o
 .text._NRFX_IRQ_DISABLE
                0x000000000000202c       0x1c Output/Debug/Obj/nRF52_project/nrfx_uart.o
 .text.nrf_uart_event_clear
                0x0000000000002048       0x2a Output/Debug/Obj/nRF52_project/nrfx_uart.o
 .text.nrf_uart_event_check
                0x0000000000002072       0x24 Output/Debug/Obj/nRF52_project/nrfx_uart.o
 .text.nrf_uart_int_enable
                0x0000000000002096       0x14 Output/Debug/Obj/nRF52_project/nrfx_uart.o
 .text.nrf_uart_int_enable_check
                0x00000000000020aa       0x20 Output/Debug/Obj/nRF52_project/nrfx_uart.o
 .text.nrf_uart_int_disable
                0x00000000000020ca       0x14 Output/Debug/Obj/nRF52_project/nrfx_uart.o
 .text.nrf_uart_errorsrc_get_and_clear
                0x00000000000020de       0x1c Output/Debug/Obj/nRF52_project/nrfx_uart.o
 .text.nrf_uart_enable
                0x00000000000020fa       0x12 Output/Debug/Obj/nRF52_project/nrfx_uart.o
 .text.nrf_uart_disable
                0x000000000000210c       0x12 Output/Debug/Obj/nRF52_project/nrfx_uart.o
 .text.nrf_uart_txrx_pins_set
                0x000000000000211e       0x1e Output/Debug/Obj/nRF52_project/nrfx_uart.o
 .text.nrf_uart_txrx_pins_disconnect
                0x000000000000213c       0x1c Output/Debug/Obj/nRF52_project/nrfx_uart.o
 .text.nrf_uart_tx_pin_get
                0x0000000000002158       0x10 Output/Debug/Obj/nRF52_project/nrfx_uart.o
 .text.nrf_uart_rx_pin_get
                0x0000000000002168       0x10 Output/Debug/Obj/nRF52_project/nrfx_uart.o
 .text.nrf_uart_rts_pin_get
                0x0000000000002178       0x10 Output/Debug/Obj/nRF52_project/nrfx_uart.o
 .text.nrf_uart_cts_pin_get
                0x0000000000002188       0x10 Output/Debug/Obj/nRF52_project/nrfx_uart.o
 .text.nrf_uart_hwfc_pins_set
                0x0000000000002198       0x1e Output/Debug/Obj/nRF52_project/nrfx_uart.o
 .text.nrf_uart_hwfc_pins_disconnect
                0x00000000000021b6       0x1c Output/Debug/Obj/nRF52_project/nrfx_uart.o
 .text.nrf_uart_rxd_get
                0x00000000000021d2       0x12 Output/Debug/Obj/nRF52_project/nrfx_uart.o
 .text.nrf_uart_txd_set
                0x00000000000021e4       0x1a Output/Debug/Obj/nRF52_project/nrfx_uart.o
 .text.nrf_uart_task_trigger
                0x00000000000021fe       0x1c Output/Debug/Obj/nRF52_project/nrfx_uart.o
 .text.nrf_uart_configure
                0x000000000000221a       0x2a Output/Debug/Obj/nRF52_project/nrfx_uart.o
 .text.nrf_uart_baudrate_set
                0x0000000000002244       0x14 Output/Debug/Obj/nRF52_project/nrfx_uart.o
 .text.nrf_gpio_pin_port_decode
                0x0000000000002258       0x4c Output/Debug/Obj/nRF52_project/nrfx_uart.o
 .text.nrf_gpio_cfg
                0x00000000000022a4       0x62 Output/Debug/Obj/nRF52_project/nrfx_uart.o
 .text.nrf_gpio_cfg_output
                0x0000000000002306       0x22 Output/Debug/Obj/nRF52_project/nrfx_uart.o
 .text.nrf_gpio_cfg_input
                0x0000000000002328       0x2a Output/Debug/Obj/nRF52_project/nrfx_uart.o
 .text.nrf_gpio_cfg_default
                0x0000000000002352       0x22 Output/Debug/Obj/nRF52_project/nrfx_uart.o
 .text.nrf_gpio_pin_set
                0x0000000000002374       0x28 Output/Debug/Obj/nRF52_project/nrfx_uart.o
 .text.nrf_gpio_port_out_set
                0x000000000000239c       0x14 Output/Debug/Obj/nRF52_project/nrfx_uart.o
 .text.nrf_gpio_pin_present_check
                0x00000000000023b0       0x50 Output/Debug/Obj/nRF52_project/nrfx_uart.o
 .text.apply_config
                0x0000000000002400       0xc6 Output/Debug/Obj/nRF52_project/nrfx_uart.o
 *fill*         0x00000000000024c6        0x2 
 .text.interrupts_enable
                0x00000000000024c8       0x6c Output/Debug/Obj/nRF52_project/nrfx_uart.o
 .text.interrupts_disable
                0x0000000000002534       0x30 Output/Debug/Obj/nRF52_project/nrfx_uart.o
 .text.pins_to_default
                0x0000000000002564       0x8a Output/Debug/Obj/nRF52_project/nrfx_uart.o
 *fill*         0x00000000000025ee        0x2 
 .text.nrfx_uart_init
                0x00000000000025f0       0xd4 Output/Debug/Obj/nRF52_project/nrfx_uart.o
                0x00000000000025f0                nrfx_uart_init
 .text.nrfx_uart_uninit
                0x00000000000026c4       0x5c Output/Debug/Obj/nRF52_project/nrfx_uart.o
                0x00000000000026c4                nrfx_uart_uninit
 .text.tx_byte  0x0000000000002720       0x40 Output/Debug/Obj/nRF52_project/nrfx_uart.o
 .text.tx_blocking
                0x0000000000002760       0x52 Output/Debug/Obj/nRF52_project/nrfx_uart.o
 *fill*         0x00000000000027b2        0x2 
 .text.nrfx_uart_tx
                0x00000000000027b4      0x110 Output/Debug/Obj/nRF52_project/nrfx_uart.o
                0x00000000000027b4                nrfx_uart_tx
 .text.nrfx_uart_tx_in_progress
                0x00000000000028c4       0x2c Output/Debug/Obj/nRF52_project/nrfx_uart.o
                0x00000000000028c4                nrfx_uart_tx_in_progress
 .text.rx_byte  0x00000000000028f0       0x4e Output/Debug/Obj/nRF52_project/nrfx_uart.o
 .text.rx_done_event
                0x000000000000293e       0x2e Output/Debug/Obj/nRF52_project/nrfx_uart.o
 .text.tx_done_event
                0x000000000000296c       0x34 Output/Debug/Obj/nRF52_project/nrfx_uart.o
 .text.uart_irq_handler
                0x00000000000029a0      0x1de Output/Debug/Obj/nRF52_project/nrfx_uart.o
 *fill*         0x0000000000002b7e        0x2 
 .text.nrfx_uart_0_irq_handler
                0x0000000000002b80       0x18 Output/Debug/Obj/nRF52_project/nrfx_uart.o
                0x0000000000002b80                nrfx_uart_0_irq_handler
 .text.__NVIC_EnableIRQ
                0x0000000000002b98       0x34 Output/Debug/Obj/nRF52_project/nrfx_uarte.o
 .text.__NVIC_DisableIRQ
                0x0000000000002bcc       0x44 Output/Debug/Obj/nRF52_project/nrfx_uarte.o
 .text.__NVIC_SetPriority
                0x0000000000002c10       0x50 Output/Debug/Obj/nRF52_project/nrfx_uarte.o
 .text.nrfx_is_in_ram
                0x0000000000002c60       0x1c Output/Debug/Obj/nRF52_project/nrfx_uarte.o
 .text.nrfx_get_irq_number
                0x0000000000002c7c       0x10 Output/Debug/Obj/nRF52_project/nrfx_uarte.o
 .text._NRFX_IRQ_PRIORITY_SET
                0x0000000000002c8c       0x40 Output/Debug/Obj/nRF52_project/nrfx_uarte.o
 .text._NRFX_IRQ_ENABLE
                0x0000000000002ccc       0x1c Output/Debug/Obj/nRF52_project/nrfx_uarte.o
 .text._NRFX_IRQ_DISABLE
                0x0000000000002ce8       0x1c Output/Debug/Obj/nRF52_project/nrfx_uarte.o
 .text.nrf_uarte_event_clear
                0x0000000000002d04       0x2a Output/Debug/Obj/nRF52_project/nrfx_uarte.o
 .text.nrf_uarte_event_check
                0x0000000000002d2e       0x24 Output/Debug/Obj/nRF52_project/nrfx_uarte.o
 .text.nrf_uarte_shorts_disable
                0x0000000000002d52       0x1e Output/Debug/Obj/nRF52_project/nrfx_uarte.o
 .text.nrf_uarte_int_enable
                0x0000000000002d70       0x14 Output/Debug/Obj/nRF52_project/nrfx_uarte.o
 .text.nrf_uarte_int_disable
                0x0000000000002d84       0x14 Output/Debug/Obj/nRF52_project/nrfx_uarte.o
 .text.nrf_uarte_errorsrc_get_and_clear
                0x0000000000002d98       0x1c Output/Debug/Obj/nRF52_project/nrfx_uarte.o
 .text.nrf_uarte_enable
                0x0000000000002db4       0x12 Output/Debug/Obj/nRF52_project/nrfx_uarte.o
 .text.nrf_uarte_disable
                0x0000000000002dc6       0x12 Output/Debug/Obj/nRF52_project/nrfx_uarte.o
 .text.nrf_uarte_txrx_pins_set
                0x0000000000002dd8       0x1e Output/Debug/Obj/nRF52_project/nrfx_uarte.o
 .text.nrf_uarte_txrx_pins_disconnect
                0x0000000000002df6       0x1c Output/Debug/Obj/nRF52_project/nrfx_uarte.o
 .text.nrf_uarte_tx_pin_get
                0x0000000000002e12       0x10 Output/Debug/Obj/nRF52_project/nrfx_uarte.o
 .text.nrf_uarte_rx_pin_get
                0x0000000000002e22       0x10 Output/Debug/Obj/nRF52_project/nrfx_uarte.o
 .text.nrf_uarte_rts_pin_get
                0x0000000000002e32       0x10 Output/Debug/Obj/nRF52_project/nrfx_uarte.o
 .text.nrf_uarte_cts_pin_get
                0x0000000000002e42       0x10 Output/Debug/Obj/nRF52_project/nrfx_uarte.o
 .text.nrf_uarte_hwfc_pins_set
                0x0000000000002e52       0x1e Output/Debug/Obj/nRF52_project/nrfx_uarte.o
 .text.nrf_uarte_hwfc_pins_disconnect
                0x0000000000002e70       0x1c Output/Debug/Obj/nRF52_project/nrfx_uarte.o
 .text.nrf_uarte_task_trigger
                0x0000000000002e8c       0x1c Output/Debug/Obj/nRF52_project/nrfx_uarte.o
 .text.nrf_uarte_configure
                0x0000000000002ea8       0x2a Output/Debug/Obj/nRF52_project/nrfx_uarte.o
 .text.nrf_uarte_baudrate_set
                0x0000000000002ed2       0x14 Output/Debug/Obj/nRF52_project/nrfx_uarte.o
 .text.nrf_uarte_tx_buffer_set
                0x0000000000002ee6       0x1e Output/Debug/Obj/nRF52_project/nrfx_uarte.o
 .text.nrf_uarte_tx_amount_get
                0x0000000000002f04       0x10 Output/Debug/Obj/nRF52_project/nrfx_uarte.o
 .text.nrf_uarte_rx_amount_get
                0x0000000000002f14       0x10 Output/Debug/Obj/nRF52_project/nrfx_uarte.o
 .text.nrf_gpio_pin_port_decode
                0x0000000000002f24       0x4c Output/Debug/Obj/nRF52_project/nrfx_uarte.o
 .text.nrf_gpio_cfg
                0x0000000000002f70       0x62 Output/Debug/Obj/nRF52_project/nrfx_uarte.o
 .text.nrf_gpio_cfg_output
                0x0000000000002fd2       0x22 Output/Debug/Obj/nRF52_project/nrfx_uarte.o
 .text.nrf_gpio_cfg_input
                0x0000000000002ff4       0x2a Output/Debug/Obj/nRF52_project/nrfx_uarte.o
 .text.nrf_gpio_cfg_default
                0x000000000000301e       0x22 Output/Debug/Obj/nRF52_project/nrfx_uarte.o
 .text.nrf_gpio_pin_set
                0x0000000000003040       0x28 Output/Debug/Obj/nRF52_project/nrfx_uarte.o
 .text.nrf_gpio_port_out_set
                0x0000000000003068       0x14 Output/Debug/Obj/nRF52_project/nrfx_uarte.o
 .text.nrf_gpio_pin_present_check
                0x000000000000307c       0x50 Output/Debug/Obj/nRF52_project/nrfx_uarte.o
 .text.apply_config
                0x00000000000030cc       0xc6 Output/Debug/Obj/nRF52_project/nrfx_uarte.o
 *fill*         0x0000000000003192        0x2 
 .text.interrupts_enable
                0x0000000000003194       0x98 Output/Debug/Obj/nRF52_project/nrfx_uarte.o
 .text.interrupts_disable
                0x000000000000322c       0x30 Output/Debug/Obj/nRF52_project/nrfx_uarte.o
 .text.pins_to_default
                0x000000000000325c       0x8a Output/Debug/Obj/nRF52_project/nrfx_uarte.o
 *fill*         0x00000000000032e6        0x2 
 .text.nrfx_uarte_init
                0x00000000000032e8       0xcc Output/Debug/Obj/nRF52_project/nrfx_uarte.o
                0x00000000000032e8                nrfx_uarte_init
 .text.nrfx_uarte_uninit
                0x00000000000033b4       0xc4 Output/Debug/Obj/nRF52_project/nrfx_uarte.o
                0x00000000000033b4                nrfx_uarte_uninit
 .text.nrfx_uarte_tx
                0x0000000000003478      0x180 Output/Debug/Obj/nRF52_project/nrfx_uarte.o
                0x0000000000003478                nrfx_uarte_tx
 .text.nrfx_uarte_tx_in_progress
                0x00000000000035f8       0x30 Output/Debug/Obj/nRF52_project/nrfx_uarte.o
                0x00000000000035f8                nrfx_uarte_tx_in_progress
 .text.rx_done_event
                0x0000000000003628       0x2e Output/Debug/Obj/nRF52_project/nrfx_uarte.o
 .text.tx_done_event
                0x0000000000003656       0x34 Output/Debug/Obj/nRF52_project/nrfx_uarte.o
 .text.uarte_irq_handler
                0x000000000000368a      0x18c Output/Debug/Obj/nRF52_project/nrfx_uarte.o
 *fill*         0x0000000000003816        0x2 
 .text.nrfx_uarte_0_irq_handler
                0x0000000000003818       0x18 Output/Debug/Obj/nRF52_project/nrfx_uarte.o
                0x0000000000003818                nrfx_uarte_0_irq_handler
 .text.app_error_save_and_stop
                0x0000000000003830       0x98 Output/Debug/Obj/nRF52_project/app_error.o
                0x0000000000003830                app_error_save_and_stop
 .text.app_error_handler
                0x00000000000038c8       0x1c Output/Debug/Obj/nRF52_project/app_error_handler_gcc.o
                0x00000000000038c8                app_error_handler
 .text.app_error_fault_handler
                0x00000000000038e4      0x104 Output/Debug/Obj/nRF52_project/app_error_weak.o
                0x00000000000038e4                app_error_fault_handler
 .text.app_util_disable_irq
                0x00000000000039e8       0x18 Output/Debug/Obj/nRF52_project/app_util_platform.o
                0x00000000000039e8                app_util_disable_irq
 .text.app_util_enable_irq
                0x0000000000003a00       0x20 Output/Debug/Obj/nRF52_project/app_util_platform.o
                0x0000000000003a00                app_util_enable_irq
 .text.app_util_critical_region_enter
                0x0000000000003a20       0x28 Output/Debug/Obj/nRF52_project/app_util_platform.o
                0x0000000000003a20                app_util_critical_region_enter
 .text.app_util_critical_region_exit
                0x0000000000003a48       0x2c Output/Debug/Obj/nRF52_project/app_util_platform.o
                0x0000000000003a48                app_util_critical_region_exit
 .text.privilege_level_get
                0x0000000000003a74       0x3a Output/Debug/Obj/nRF52_project/app_util_platform.o
                0x0000000000003a74                privilege_level_get
 *fill*         0x0000000000003aae        0x2 
 .text.RTC1_IRQHandler
                0x0000000000003ab0       0x1c Output/Debug/Obj/nRF52_project/drv_rtc.o
                0x0000000000003ab0                RTC1_IRQHandler
 .text.assert_nrf_callback
                0x0000000000003acc       0x2c Output/Debug/Obj/nRF52_project/nrf_assert.o
                0x0000000000003acc                assert_nrf_callback
 .text.nrf_atomic_u32_fetch_store
                0x0000000000003af8       0x2e Output/Debug/Obj/nRF52_project/nrf_atomic.o
                0x0000000000003af8                nrf_atomic_u32_fetch_store
 .text.nrf_atomic_u32_or
                0x0000000000003b26       0x30 Output/Debug/Obj/nRF52_project/nrf_atomic.o
                0x0000000000003b26                nrf_atomic_u32_or
 .text.nrf_atomic_u32_fetch_and
                0x0000000000003b56       0x30 Output/Debug/Obj/nRF52_project/nrf_atomic.o
                0x0000000000003b56                nrf_atomic_u32_fetch_and
 .text.nrf_atomic_u32_add
                0x0000000000003b86       0x30 Output/Debug/Obj/nRF52_project/nrf_atomic.o
                0x0000000000003b86                nrf_atomic_u32_add
 .text.nrf_atomic_u32_sub
                0x0000000000003bb6       0x30 Output/Debug/Obj/nRF52_project/nrf_atomic.o
                0x0000000000003bb6                nrf_atomic_u32_sub
 .text.nrf_atomic_flag_set
                0x0000000000003be6       0x18 Output/Debug/Obj/nRF52_project/nrf_atomic.o
                0x0000000000003be6                nrf_atomic_flag_set
 .text.nrf_atomic_flag_clear_fetch
                0x0000000000003bfe       0x18 Output/Debug/Obj/nRF52_project/nrf_atomic.o
                0x0000000000003bfe                nrf_atomic_flag_clear_fetch
 *fill*         0x0000000000003c16        0x2 
 .text.nrf_balloc_idx2block
                0x0000000000003c18       0x38 Output/Debug/Obj/nRF52_project/nrf_balloc.o
 .text.nrf_balloc_block2idx
                0x0000000000003c50       0x34 Output/Debug/Obj/nRF52_project/nrf_balloc.o
 .text.nrf_balloc_alloc
                0x0000000000003c84       0x84 Output/Debug/Obj/nRF52_project/nrf_balloc.o
                0x0000000000003c84                nrf_balloc_alloc
 .text.nrf_balloc_free
                0x0000000000003d08       0x58 Output/Debug/Obj/nRF52_project/nrf_balloc.o
                0x0000000000003d08                nrf_balloc_free
 .text.nrf_fprintf_buffer_flush
                0x0000000000003d60       0x44 Output/Debug/Obj/nRF52_project/nrf_fprintf.o
                0x0000000000003d60                nrf_fprintf_buffer_flush
 .text.nrf_fprintf
                0x0000000000003da4       0x74 Output/Debug/Obj/nRF52_project/nrf_fprintf.o
                0x0000000000003da4                nrf_fprintf
 .text.buffer_add
                0x0000000000003e18       0x4c Output/Debug/Obj/nRF52_project/nrf_fprintf_format.o
 .text.string_print
                0x0000000000003e64       0xc2 Output/Debug/Obj/nRF52_project/nrf_fprintf_format.o
 *fill*         0x0000000000003f26        0x2 
 .text.unsigned_print
                0x0000000000003f28      0x130 Output/Debug/Obj/nRF52_project/nrf_fprintf_format.o
 .text.int_print
                0x0000000000004058      0x11c Output/Debug/Obj/nRF52_project/nrf_fprintf_format.o
 .text.nrf_fprintf_fmt
                0x0000000000004174      0x388 Output/Debug/Obj/nRF52_project/nrf_fprintf_format.o
                0x0000000000004174                nrf_fprintf_fmt
 .text.nrf_memobj_alloc
                0x00000000000044fc       0xae Output/Debug/Obj/nRF52_project/nrf_memobj.o
                0x00000000000044fc                nrf_memobj_alloc
 .text.nrf_memobj_free
                0x00000000000045aa       0x74 Output/Debug/Obj/nRF52_project/nrf_memobj.o
                0x00000000000045aa                nrf_memobj_free
 .text.nrf_memobj_get
                0x000000000000461e       0x1e Output/Debug/Obj/nRF52_project/nrf_memobj.o
                0x000000000000461e                nrf_memobj_get
 .text.nrf_memobj_put
                0x000000000000463c       0x34 Output/Debug/Obj/nRF52_project/nrf_memobj.o
                0x000000000000463c                nrf_memobj_put
 .text.memobj_op
                0x0000000000004670      0x124 Output/Debug/Obj/nRF52_project/nrf_memobj.o
 .text.nrf_memobj_write
                0x0000000000004794       0x3c Output/Debug/Obj/nRF52_project/nrf_memobj.o
                0x0000000000004794                nrf_memobj_write
 .text.nrf_memobj_read
                0x00000000000047d0       0x40 Output/Debug/Obj/nRF52_project/nrf_memobj.o
                0x00000000000047d0                nrf_memobj_read
 .text.nrf_strerror_get
                0x0000000000004810       0x28 Output/Debug/Obj/nRF52_project/nrf_strerror.o
                0x0000000000004810                nrf_strerror_get
 .text.nrf_strerror_find
                0x0000000000004838       0x68 Output/Debug/Obj/nRF52_project/nrf_strerror.o
                0x0000000000004838                nrf_strerror_find
 .text.nrf_log_backend_serial_put
                0x00000000000048a0      0x124 Output/Debug/Obj/nRF52_project/nrf_log_backend_serial.o
                0x00000000000048a0                nrf_log_backend_serial_put
 .text.nrf_drv_uart_uninit
                0x00000000000049c4       0x44 Output/Debug/Obj/nRF52_project/nrf_log_backend_uart.o
 .text.nrf_drv_uart_tx
                0x0000000000004a08       0x64 Output/Debug/Obj/nRF52_project/nrf_log_backend_uart.o
 .text.uart_evt_handler
                0x0000000000004a6c       0x18 Output/Debug/Obj/nRF52_project/nrf_log_backend_uart.o
 .text.uart_init
                0x0000000000004a84       0x88 Output/Debug/Obj/nRF52_project/nrf_log_backend_uart.o
 .text.serial_tx
                0x0000000000004b0c       0x6c Output/Debug/Obj/nRF52_project/nrf_log_backend_uart.o
 .text.nrf_log_backend_uart_put
                0x0000000000004b78       0x28 Output/Debug/Obj/nRF52_project/nrf_log_backend_uart.o
 .text.nrf_log_backend_uart_flush
                0x0000000000004ba0        0xa Output/Debug/Obj/nRF52_project/nrf_log_backend_uart.o
 *fill*         0x0000000000004baa        0x2 
 .text.nrf_log_backend_uart_panic_set
                0x0000000000004bac       0x20 Output/Debug/Obj/nRF52_project/nrf_log_backend_uart.o
 .text.nrf_log_backend_put
                0x0000000000004bcc       0x1c Output/Debug/Obj/nRF52_project/nrf_log_frontend.o
 .text.nrf_log_backend_panic_set
                0x0000000000004be8       0x18 Output/Debug/Obj/nRF52_project/nrf_log_frontend.o
 .text.nrf_log_backend_flush
                0x0000000000004c00       0x18 Output/Debug/Obj/nRF52_project/nrf_log_frontend.o
 .text.nrf_log_backend_enable
                0x0000000000004c18       0x12 Output/Debug/Obj/nRF52_project/nrf_log_frontend.o
 .text.nrf_log_backend_is_enabled
                0x0000000000004c2a       0x10 Output/Debug/Obj/nRF52_project/nrf_log_frontend.o
 *fill*         0x0000000000004c3a        0x2 
 .text.nrf_log_module_cnt_get
                0x0000000000004c3c       0x14 Output/Debug/Obj/nRF52_project/nrf_log_frontend.o
                0x0000000000004c3c                nrf_log_module_cnt_get
 .text.module_idx_get
                0x0000000000004c50       0x64 Output/Debug/Obj/nRF52_project/nrf_log_frontend.o
 .text.nrf_log_module_name_get
                0x0000000000004cb4       0x40 Output/Debug/Obj/nRF52_project/nrf_log_frontend.o
                0x0000000000004cb4                nrf_log_module_name_get
 .text.nrf_log_color_id_get
                0x0000000000004cf4       0x70 Output/Debug/Obj/nRF52_project/nrf_log_frontend.o
                0x0000000000004cf4                nrf_log_color_id_get
 .text.invalid_packets_omit
                0x0000000000004d64       0x6e Output/Debug/Obj/nRF52_project/nrf_log_frontend.o
 *fill*         0x0000000000004dd2        0x2 
 .text.log_skip
                0x0000000000004dd4      0x118 Output/Debug/Obj/nRF52_project/nrf_log_frontend.o
 .text.dropped_sat16_get
                0x0000000000004eec       0x28 Output/Debug/Obj/nRF52_project/nrf_log_frontend.o
 .text.std_header_set
                0x0000000000004f14       0xd0 Output/Debug/Obj/nRF52_project/nrf_log_frontend.o
 .text.log_pending_hook
                0x0000000000004fe4        0x4 Output/Debug/Obj/nRF52_project/nrf_log_frontend.o
                0x0000000000004fe4                log_pending_hook
 .text.buf_prealloc
                0x0000000000004fe8      0x128 Output/Debug/Obj/nRF52_project/nrf_log_frontend.o
 .text.std_n    0x0000000000005110       0x94 Output/Debug/Obj/nRF52_project/nrf_log_frontend.o
 .text.nrf_log_frontend_std_0
                0x00000000000051a4       0x1c Output/Debug/Obj/nRF52_project/nrf_log_frontend.o
                0x00000000000051a4                nrf_log_frontend_std_0
 .text.nrf_log_frontend_std_1
                0x00000000000051c0       0x22 Output/Debug/Obj/nRF52_project/nrf_log_frontend.o
                0x00000000000051c0                nrf_log_frontend_std_1
 .text.nrf_log_frontend_std_2
                0x00000000000051e2       0x28 Output/Debug/Obj/nRF52_project/nrf_log_frontend.o
                0x00000000000051e2                nrf_log_frontend_std_2
 .text.nrf_log_frontend_std_5
                0x000000000000520a       0x34 Output/Debug/Obj/nRF52_project/nrf_log_frontend.o
                0x000000000000520a                nrf_log_frontend_std_5
 *fill*         0x000000000000523e        0x2 
 .text.buffer_is_empty
                0x0000000000005240       0x1c Output/Debug/Obj/nRF52_project/nrf_log_frontend.o
                0x0000000000005240                buffer_is_empty
 .text.nrf_log_frontend_dequeue
                0x000000000000525c      0x3a0 Output/Debug/Obj/nRF52_project/nrf_log_frontend.o
                0x000000000000525c                nrf_log_frontend_dequeue
 .text.nrf_log_panic
                0x00000000000055fc       0x3c Output/Debug/Obj/nRF52_project/nrf_log_frontend.o
                0x00000000000055fc                nrf_log_panic
 .text.timestamp_print
                0x0000000000005638       0xdc Output/Debug/Obj/nRF52_project/nrf_log_str_formatter.o
 .text.prefix_process
                0x0000000000005714       0xb0 Output/Debug/Obj/nRF52_project/nrf_log_str_formatter.o
 .text.postfix_process
                0x00000000000057c4       0x60 Output/Debug/Obj/nRF52_project/nrf_log_str_formatter.o
 .text.nrf_log_std_entry_process
                0x0000000000005824      0x144 Output/Debug/Obj/nRF52_project/nrf_log_str_formatter.o
                0x0000000000005824                nrf_log_std_entry_process
 .text.nrf_log_hexdump_entry_process
                0x0000000000005968       0xf0 Output/Debug/Obj/nRF52_project/nrf_log_str_formatter.o
                0x0000000000005968                nrf_log_hexdump_entry_process
 .text.libc.__SEGGER_RTL_ascii_mbtowc
                0x0000000000005a58       0x30 C:/Program Files/SEGGER/SEGGER Embedded Studio for ARM 7.10a/lib/libc_v7em_fpv4_sp_d16_hard_t_le_eabi_balanced.a(mbops.o)
                0x0000000000005a58                __SEGGER_RTL_ascii_mbtowc
 .text.libc.__SEGGER_RTL_ascii_wctomb
                0x0000000000005a88        0xe C:/Program Files/SEGGER/SEGGER Embedded Studio for ARM 7.10a/lib/libc_v7em_fpv4_sp_d16_hard_t_le_eabi_balanced.a(mbops.o)
                0x0000000000005a88                __SEGGER_RTL_ascii_wctomb
 .text.libc.__SEGGER_RTL_isctype
                0x0000000000005a96       0x20 C:/Program Files/SEGGER/SEGGER Embedded Studio for ARM 7.10a/lib/libc_v7em_fpv4_sp_d16_hard_t_le_eabi_balanced.a(mbops.o)
 .text.libc.isprint
                0x0000000000005ab6        0x6 C:/Program Files/SEGGER/SEGGER Embedded Studio for ARM 7.10a/lib/libc_v7em_fpv4_sp_d16_hard_t_le_eabi_balanced.a(mbops.o)
                0x0000000000005ab6                isprint
 .text.libc.__SEGGER_RTL_ascii_isctype
                0x0000000000005abc       0x20 C:/Program Files/SEGGER/SEGGER Embedded Studio for ARM 7.10a/lib/libc_v7em_fpv4_sp_d16_hard_t_le_eabi_balanced.a(mbops.o)
 .text.libc.__SEGGER_RTL_ascii_toupper
                0x0000000000005adc        0xc C:/Program Files/SEGGER/SEGGER Embedded Studio for ARM 7.10a/lib/libc_v7em_fpv4_sp_d16_hard_t_le_eabi_balanced.a(mbops.o)
 .text.libc.__SEGGER_RTL_ascii_tolower
                0x0000000000005ae8        0xc C:/Program Files/SEGGER/SEGGER Embedded Studio for ARM 7.10a/lib/libc_v7em_fpv4_sp_d16_hard_t_le_eabi_balanced.a(mbops.o)
 .text.libc.__SEGGER_RTL_ascii_iswctype
                0x0000000000005af4       0x20 C:/Program Files/SEGGER/SEGGER Embedded Studio for ARM 7.10a/lib/libc_v7em_fpv4_sp_d16_hard_t_le_eabi_balanced.a(mbops.o)
 .text.libc.__SEGGER_RTL_ascii_towupper
                0x0000000000005b14        0xc C:/Program Files/SEGGER/SEGGER Embedded Studio for ARM 7.10a/lib/libc_v7em_fpv4_sp_d16_hard_t_le_eabi_balanced.a(mbops.o)
 .text.libc.__SEGGER_RTL_ascii_towlower
                0x0000000000005b20        0xc C:/Program Files/SEGGER/SEGGER Embedded Studio for ARM 7.10a/lib/libc_v7em_fpv4_sp_d16_hard_t_le_eabi_balanced.a(mbops.o)
 .text.libc.strlen
                0x0000000000005b2c       0x60 C:/Program Files/SEGGER/SEGGER Embedded Studio for ARM 7.10a/lib/libc_v7em_fpv4_sp_d16_hard_t_le_eabi_balanced.a(strasmops_arm.o)
                0x0000000000005b2c                strlen
 .text.libc.memcpy
                0x0000000000005b8c       0x64 C:/Program Files/SEGGER/SEGGER Embedded Studio for ARM 7.10a/lib/libc_v7em_fpv4_sp_d16_hard_t_le_eabi_balanced.a(strasmops_arm.o)
                0x0000000000005b8c                __aeabi_memcpy
                0x0000000000005b8c                memcpy
                0x0000000000005bae                __aeabi_memcpy8
                0x0000000000005bae                __aeabi_memcpy4
 .text.libc.__SEGGER_RTL_init_heap
                0x0000000000005bf0       0x14 C:/Program Files/SEGGER/SEGGER Embedded Studio for ARM 7.10a/lib/heapops_basic_v7em_fpv4_sp_d16_hard_t_le_eabi_balanced.a(heapops_basic.o)
                0x0000000000005bf0                __SEGGER_RTL_init_heap
                0x0000000000005c04                __text_end__ = (__text_start__ + SIZEOF (.text))
                0x0000000000005838                __text_size__ = SIZEOF (.text)
                0x0000000000005c04                __text_load_end__ = __text_end__

.vfp11_veneer   0x0000000100000000        0x0
 .vfp11_veneer  0x0000000100000000        0x0 linker stubs

.v4_bx          0x0000000100000000        0x0
 .v4_bx         0x0000000100000000        0x0 linker stubs

.iplt           0x0000000100000000        0x0
 .iplt          0x0000000100000000        0x0 Output/Debug/Obj/nRF52_project/main.o
                0x0000000000000001                . = ASSERT (((__text_start__ == __text_end__) || ((__text_end__ - __FLASH1_segment_start__) <= __FLASH1_segment_size__)), error: .text is too large to fit in FLASH1 memory segment)
                0x0000000000005c04                __log_const_data_load_start__ = ALIGN (__text_end__, 0x4)

.log_const_data
                0x0000000000005c04       0x48
                0x0000000000005c04                __log_const_data_start__ = .
                0x0000000000005c04                __start_log_const_data = __log_const_data_start__
 *(SORT_BY_NAME(.log_const_data*))
 .log_const_data_GPIOTE
                0x0000000000005c04        0x8 Output/Debug/Obj/nRF52_project/nrfx_gpiote.o
                0x0000000000005c04                m_nrf_log_GPIOTE_logs_data_const
 .log_const_data_PRS
                0x0000000000005c0c        0x8 Output/Debug/Obj/nRF52_project/nrfx_prs.o
                0x0000000000005c0c                m_nrf_log_PRS_logs_data_const
 .log_const_data_SPIM
                0x0000000000005c14        0x8 Output/Debug/Obj/nRF52_project/nrfx_spim.o
                0x0000000000005c14                m_nrf_log_SPIM_logs_data_const
 .log_const_data_UART
                0x0000000000005c1c        0x8 Output/Debug/Obj/nRF52_project/nrfx_uart.o
                0x0000000000005c1c                m_nrf_log_UART_logs_data_const
 .log_const_data_UARTE
                0x0000000000005c24        0x8 Output/Debug/Obj/nRF52_project/nrfx_uarte.o
                0x0000000000005c24                m_nrf_log_UARTE_logs_data_const
 .log_const_data_app
                0x0000000000005c2c        0x8 Output/Debug/Obj/nRF52_project/nrf_log_frontend.o
                0x0000000000005c2c                m_nrf_log_app_logs_data_const
 .log_const_data_app_button
                0x0000000000005c34        0x8 Output/Debug/Obj/nRF52_project/app_button.o
                0x0000000000005c34                m_nrf_log_app_button_logs_data_const
 .log_const_data_app_timer
                0x0000000000005c3c        0x8 Output/Debug/Obj/nRF52_project/app_timer2.o
                0x0000000000005c3c                m_nrf_log_app_timer_logs_data_const
 .log_const_data_sortlist
                0x0000000000005c44        0x8 Output/Debug/Obj/nRF52_project/nrf_sortlist.o
                0x0000000000005c44                m_nrf_log_sortlist_logs_data_const
                0x0000000000005c4c                __log_const_data_end__ = (__log_const_data_start__ + SIZEOF (.log_const_data))
                0x0000000000000048                __log_const_data_size__ = SIZEOF (.log_const_data)
                0x0000000000005c4c                __stop_log_const_data = __log_const_data_end__
                0x0000000000005c4c                __log_const_data_load_end__ = __log_const_data_end__
                0x0000000000000001                . = ASSERT (((__log_const_data_start__ == __log_const_data_end__) || ((__log_const_data_end__ - __FLASH1_segment_start__) <= __FLASH1_segment_size__)), error: .log_const_data is too large to fit in FLASH1 memory segment)
                0x0000000000005c4c                __log_backends_load_start__ = ALIGN (__log_const_data_end__, 0x4)

.log_backends   0x0000000000005c4c       0x10
                0x0000000000005c4c                __log_backends_start__ = .
                0x0000000000005c4c                __start_log_backends = __log_backends_start__
 *(SORT_BY_NAME(.log_backends*))
 .log_backends  0x0000000000005c4c       0x10 Output/Debug/Obj/nRF52_project/nrf_log_default_backends.o
                0x0000000000005c5c                __log_backends_end__ = (__log_backends_start__ + SIZEOF (.log_backends))
                0x0000000000000010                __log_backends_size__ = SIZEOF (.log_backends)
                0x0000000000005c5c                __stop_log_backends = __log_backends_end__
                0x0000000000005c5c                __log_backends_load_end__ = __log_backends_end__
                0x0000000000000001                . = ASSERT (((__log_backends_start__ == __log_backends_end__) || ((__log_backends_end__ - __FLASH1_segment_start__) <= __FLASH1_segment_size__)), error: .log_backends is too large to fit in FLASH1 memory segment)
                0x0000000000005c5c                __nrf_balloc_load_start__ = ALIGN (__log_backends_end__, 0x4)

.nrf_balloc     0x0000000000005c5c       0x14
                0x0000000000005c5c                __nrf_balloc_start__ = .
                0x0000000000005c5c                __start_nrf_balloc = __nrf_balloc_start__
 *(.nrf_balloc*)
 .nrf_balloc    0x0000000000005c5c       0x14 Output/Debug/Obj/nRF52_project/nrf_log_frontend.o
                0x0000000000005c5c                log_mempool
                0x0000000000005c70                __nrf_balloc_end__ = (__nrf_balloc_start__ + SIZEOF (.nrf_balloc))
                0x0000000000000014                __nrf_balloc_size__ = SIZEOF (.nrf_balloc)
                0x0000000000005c70                __stop_nrf_balloc = __nrf_balloc_end__
                0x0000000000005c70                __nrf_balloc_load_end__ = __nrf_balloc_end__
                0x0000000000000001                . = ASSERT (((__nrf_balloc_start__ == __nrf_balloc_end__) || ((__nrf_balloc_end__ - __FLASH1_segment_start__) <= __FLASH1_segment_size__)), error: .nrf_balloc is too large to fit in FLASH1 memory segment)
                0x0000000000005c70                __nrf_sections_load_start__ = ALIGN (__nrf_balloc_end__, 0x4)

.nrf_sections   0x0000000000005c70        0x0
                0x0000000000005c70                __nrf_sections_start__ = .
                0x0000000000005c70                __start_nrf_sections = __nrf_sections_start__
 *(.nrf_sections .nrf_sections.*)
                0x0000000000005c70                __nrf_sections_end__ = (__nrf_sections_start__ + SIZEOF (.nrf_sections))
                0x0000000000000000                __nrf_sections_size__ = SIZEOF (.nrf_sections)
                0x0000000000005c70                __nrf_sections_load_end__ = __nrf_sections_end__
                0x0000000000000001                . = ASSERT (((__nrf_sections_start__ == __nrf_sections_end__) || ((__nrf_sections_end__ - __FLASH1_segment_start__) <= __FLASH1_segment_size__)), error: .nrf_sections is too large to fit in FLASH1 memory segment)
                0x0000000000005c70                __log_dynamic_data_load_start__ = ALIGN (__nrf_sections_end__, 0x4)

.log_dynamic_data
                0x0000000020000000        0x0 load address 0x0000000000005c70
                0x0000000020000000                __log_dynamic_data_start__ = .
 *(SORT_BY_NAME(.log_dynamic_data*))
                0x0000000020000000                __log_dynamic_data_end__ = (__log_dynamic_data_start__ + SIZEOF (.log_dynamic_data))
                0x0000000000000000                __log_dynamic_data_size__ = SIZEOF (.log_dynamic_data)
                0x0000000000005c70                __log_dynamic_data_load_end__ = (__log_dynamic_data_load_start__ + SIZEOF (.log_dynamic_data))
                0x0000000000000001                . = ASSERT (((__log_dynamic_data_load_start__ == __log_dynamic_data_load_end__) || ((__log_dynamic_data_load_end__ - __FLASH1_segment_start__) <= __FLASH1_segment_size__)), error: .log_dynamic_data is too large to fit in FLASH1 memory segment)

.log_dynamic_data_run
                0x0000000020000000        0x0
                0x0000000020000000                __log_dynamic_data_run_start__ = .
                0x0000000020000000                __start_log_dynamic_data = __log_dynamic_data_run_start__
                0x0000000020000000                __log_dynamic_data_run_end__ = (__log_dynamic_data_run_start__ + SIZEOF (.log_dynamic_data))
                0x0000000000000000                __log_dynamic_data_run_size__ = (__log_dynamic_data_run_end__ - __log_dynamic_data_run_start__)
                0x0000000020000000                __stop_log_dynamic_data = __log_dynamic_data_run_end__
                0x0000000020000000                __log_dynamic_data_run_load_end__ = __log_dynamic_data_run_end__
                0x0000000000000001                . = ASSERT (((__log_dynamic_data_run_start__ == __log_dynamic_data_run_end__) || ((__log_dynamic_data_run_end__ - __RAM1_segment_start__) <= __RAM1_segment_size__)), error: .log_dynamic_data_run is too large to fit in RAM1 memory segment)
                0x0000000000005c70                __log_filter_data_load_start__ = ALIGN ((__log_dynamic_data_load_start__ + SIZEOF (.log_dynamic_data)), 0x4)

.log_filter_data
                0x0000000020000000        0x0 load address 0x0000000000005c70
                0x0000000020000000                __log_filter_data_start__ = .
 *(SORT_BY_NAME(.log_filter_data*))
                0x0000000020000000                __log_filter_data_end__ = (__log_filter_data_start__ + SIZEOF (.log_filter_data))
                0x0000000000000000                __log_filter_data_size__ = SIZEOF (.log_filter_data)
                0x0000000000005c70                __log_filter_data_load_end__ = (__log_filter_data_load_start__ + SIZEOF (.log_filter_data))
                0x0000000000000001                . = ASSERT (((__log_filter_data_load_start__ == __log_filter_data_load_end__) || ((__log_filter_data_load_end__ - __FLASH1_segment_start__) <= __FLASH1_segment_size__)), error: .log_filter_data is too large to fit in FLASH1 memory segment)

.log_filter_data_run
                0x0000000020000000        0x0
                0x0000000020000000                __log_filter_data_run_start__ = .
                0x0000000020000000                __start_log_filter_data = __log_filter_data_run_start__
                0x0000000020000000                __log_filter_data_run_end__ = (__log_filter_data_run_start__ + SIZEOF (.log_filter_data))
                0x0000000000000000                __log_filter_data_run_size__ = (__log_filter_data_run_end__ - __log_filter_data_run_start__)
                0x0000000020000000                __stop_log_filter_data = __log_filter_data_run_end__
                0x0000000020000000                __log_filter_data_run_load_end__ = __log_filter_data_run_end__
                0x0000000000000001                . = ASSERT (((__log_filter_data_run_start__ == __log_filter_data_run_end__) || ((__log_filter_data_run_end__ - __RAM1_segment_start__) <= __RAM1_segment_size__)), error: .log_filter_data_run is too large to fit in RAM1 memory segment)
                0x0000000020000000                __nrf_sections_run_end_load_start__ = ALIGN (__log_filter_data_run_end__, 0x4)

.nrf_sections_run_end
                0x0000000020000000        0x0
                0x0000000020000000                __nrf_sections_run_end_start__ = .
                0x0000000020000000                __end_nrf_sections_run = __nrf_sections_run_end_start__
 *(.nrf_sections_run_end .nrf_sections_run_end.*)
                0x0000000020000000                __nrf_sections_run_end_end__ = (__nrf_sections_run_end_start__ + SIZEOF (.nrf_sections_run_end))
                0x0000000000000000                __nrf_sections_run_end_size__ = SIZEOF (.nrf_sections_run_end)
                0x0000000020000000                __nrf_sections_run_end_load_end__ = __nrf_sections_run_end_end__
                0x0000000000000001                . = ASSERT (((__nrf_sections_run_end_start__ == __nrf_sections_run_end_end__) || ((__nrf_sections_run_end_end__ - __RAM1_segment_start__) <= __RAM1_segment_size__)), error: .nrf_sections_run_end is too large to fit in RAM1 memory segment)
                0x0000000000005c70                __dtors_load_start__ = ALIGN ((__log_filter_data_load_start__ + SIZEOF (.log_filter_data)), 0x4)

.dtors          0x0000000000005c70        0x0
                0x0000000000005c70                __dtors_start__ = .
 *(SORT_BY_NAME(.dtors.*))
 *(.dtors)
 *(.fini_array)
 *(SORT_BY_NAME(.fini_array.*))
                0x0000000000005c70                __dtors_end__ = (__dtors_start__ + SIZEOF (.dtors))
                0x0000000000000000                __dtors_size__ = SIZEOF (.dtors)
                0x0000000000005c70                __dtors_load_end__ = __dtors_end__
                0x0000000000000001                . = ASSERT (((__dtors_start__ == __dtors_end__) || ((__dtors_end__ - __FLASH1_segment_start__) <= __FLASH1_segment_size__)), error: .dtors is too large to fit in FLASH1 memory segment)
                0x0000000000005c70                __ctors_load_start__ = ALIGN (__dtors_end__, 0x4)

.ctors          0x0000000000005c70        0x0
                0x0000000000005c70                __ctors_start__ = .
 *(SORT_BY_NAME(.ctors.*))
 *(.ctors)
 *(.init_array)
 *(SORT_BY_NAME(.init_array.*))
                0x0000000000005c70                __ctors_end__ = (__ctors_start__ + SIZEOF (.ctors))
                0x0000000000000000                __ctors_size__ = SIZEOF (.ctors)
                0x0000000000005c70                __ctors_load_end__ = __ctors_end__
                0x0000000000000001                . = ASSERT (((__ctors_start__ == __ctors_end__) || ((__ctors_end__ - __FLASH1_segment_start__) <= __FLASH1_segment_size__)), error: .ctors is too large to fit in FLASH1 memory segment)
                0x0000000000005c70                __rodata_load_start__ = ALIGN (__ctors_end__, 0x4)

.rodata         0x0000000000005c70     0x5ed1
                0x0000000000005c70                __rodata_start__ = .
 *(.rodata .rodata.* .gnu.linkonce.r.*)
 .rodata        0x0000000000005c70       0x1f Output/Debug/Obj/nRF52_project/main.o
 *fill*         0x0000000000005c8f        0x1 
 .rodata.image_kau_4bit
                0x0000000000005c90     0x4b0c Output/Debug/Obj/nRF52_project/main.o
 *fill*         0x000000000000a79c        0x4 
 .rodata.delay_machine_code.0
                0x000000000000a7a0        0x6 Output/Debug/Obj/nRF52_project/main.o
 *fill*         0x000000000000a7a6        0x2 
 .rodata        0x000000000000a7a8       0x8b Output/Debug/Obj/nRF52_project/boards.o
 *fill*         0x000000000000a833        0x1 
 .rodata.m_board_led_list
                0x000000000000a834        0x4 Output/Debug/Obj/nRF52_project/boards.o
 .rodata.m_board_btn_list
                0x000000000000a838        0x4 Output/Debug/Obj/nRF52_project/boards.o
 .rodata.palette_4bit_data
                0x000000000000a83c       0x20 Output/Debug/Obj/nRF52_project/lcd_power_cfg.o
 .rodata        0x000000000000a85c       0xa4 Output/Debug/Obj/nRF52_project/lcd_power_cfg.o
 .rodata.delay_machine_code.0
                0x000000000000a900        0x6 Output/Debug/Obj/nRF52_project/lcd_power_cfg.o
 *fill*         0x000000000000a906        0x2 
 .rodata        0x000000000000a908       0x77 Output/Debug/Obj/nRF52_project/nrf_drv_uart.o
 *fill*         0x000000000000a97f        0x1 
 .rodata        0x000000000000a980       0xc7 Output/Debug/Obj/nRF52_project/nrfx_gpiote.o
 *fill*         0x000000000000aa47        0x1 
 .rodata        0x000000000000aa48       0x7c Output/Debug/Obj/nRF52_project/nrfx_prs.o
 .rodata        0x000000000000aac4       0xbd Output/Debug/Obj/nRF52_project/nrfx_spim.o
 *fill*         0x000000000000ab81        0x3 
 .rodata        0x000000000000ab84       0xbd Output/Debug/Obj/nRF52_project/nrfx_uart.o
 *fill*         0x000000000000ac41        0x3 
 .rodata.irq_handlers.0
                0x000000000000ac44        0x4 Output/Debug/Obj/nRF52_project/nrfx_uart.o
 .rodata        0x000000000000ac48       0xbe Output/Debug/Obj/nRF52_project/nrfx_uarte.o
 *fill*         0x000000000000ad06        0x2 
 .rodata.irq_handlers.0
                0x000000000000ad08        0x4 Output/Debug/Obj/nRF52_project/nrfx_uarte.o
 .rodata        0x000000000000ad0c       0x85 Output/Debug/Obj/nRF52_project/app_button.o
 *fill*         0x000000000000ad91        0x3 
 .rodata        0x000000000000ad94       0x70 Output/Debug/Obj/nRF52_project/app_error_weak.o
 .rodata        0x000000000000ae04       0x88 Output/Debug/Obj/nRF52_project/app_timer2.o
 .rodata        0x000000000000ae8c       0x7e Output/Debug/Obj/nRF52_project/app_util_platform.o
 *fill*         0x000000000000af0a        0x2 
 .rodata        0x000000000000af0c       0x79 Output/Debug/Obj/nRF52_project/nrf_balloc.o
 *fill*         0x000000000000af85        0x3 
 .rodata        0x000000000000af88       0x6f Output/Debug/Obj/nRF52_project/nrf_fprintf.o
 *fill*         0x000000000000aff7        0x1 
 .rodata        0x000000000000aff8       0x76 Output/Debug/Obj/nRF52_project/nrf_fprintf_format.o
 *fill*         0x000000000000b06e        0x2 
 .rodata._aV2C.0
                0x000000000000b070       0x10 Output/Debug/Obj/nRF52_project/nrf_fprintf_format.o
 .rodata        0x000000000000b080       0x79 Output/Debug/Obj/nRF52_project/nrf_memobj.o
 *fill*         0x000000000000b0f9        0x3 
 .rodata        0x000000000000b0fc       0x89 Output/Debug/Obj/nRF52_project/nrf_sortlist.o
 *fill*         0x000000000000b185        0x3 
 .rodata.m_unknown_str
                0x000000000000b188       0x13 Output/Debug/Obj/nRF52_project/nrf_strerror.o
 *fill*         0x000000000000b19b        0x1 
 .rodata        0x000000000000b19c      0x3bd Output/Debug/Obj/nRF52_project/nrf_strerror.o
 *fill*         0x000000000000b559        0x3 
 .rodata.nrf_strerror_array
                0x000000000000b55c      0x118 Output/Debug/Obj/nRF52_project/nrf_strerror.o
 .rodata        0x000000000000b674       0xa4 Output/Debug/Obj/nRF52_project/nrf_log_backend_uart.o
 .rodata.nrf_log_backend_uart_api
                0x000000000000b718        0xc Output/Debug/Obj/nRF52_project/nrf_log_backend_uart.o
                0x000000000000b718                nrf_log_backend_uart_api
 .rodata        0x000000000000b724       0x9c Output/Debug/Obj/nRF52_project/nrf_log_default_backends.o
 .rodata        0x000000000000b7c0       0x95 Output/Debug/Obj/nRF52_project/nrf_log_frontend.o
 *fill*         0x000000000000b855        0x3 
 .rodata        0x000000000000b858       0xc6 Output/Debug/Obj/nRF52_project/nrf_log_str_formatter.o
 *fill*         0x000000000000b91e        0x2 
 .rodata.libc.__SEGGER_RTL_c_locale
                0x000000000000b920        0xc C:/Program Files/SEGGER/SEGGER Embedded Studio for ARM 7.10a/lib/libc_v7em_fpv4_sp_d16_hard_t_le_eabi_balanced.a(mbops.o)
                0x000000000000b920                __SEGGER_RTL_c_locale
 .rodata.libc..L.str
                0x000000000000b92c        0x2 C:/Program Files/SEGGER/SEGGER Embedded Studio for ARM 7.10a/lib/libc_v7em_fpv4_sp_d16_hard_t_le_eabi_balanced.a(mbops.o)
 *fill*         0x000000000000b92e        0x2 
 .rodata.libc.__SEGGER_RTL_codeset_ascii
                0x000000000000b930       0x20 C:/Program Files/SEGGER/SEGGER Embedded Studio for ARM 7.10a/lib/libc_v7em_fpv4_sp_d16_hard_t_le_eabi_balanced.a(mbops.o)
                0x000000000000b930                __SEGGER_RTL_codeset_ascii
 .rodata.libc.__SEGGER_RTL_c_locale_abbrev_day_names
                0x000000000000b950       0x1d C:/Program Files/SEGGER/SEGGER Embedded Studio for ARM 7.10a/lib/libc_v7em_fpv4_sp_d16_hard_t_le_eabi_balanced.a(mbops.o)
                0x000000000000b950                __SEGGER_RTL_c_locale_abbrev_day_names
 .rodata.libc.__SEGGER_RTL_c_locale_abbrev_month_names
                0x000000000000b96d       0x31 C:/Program Files/SEGGER/SEGGER Embedded Studio for ARM 7.10a/lib/libc_v7em_fpv4_sp_d16_hard_t_le_eabi_balanced.a(mbops.o)
                0x000000000000b96d                __SEGGER_RTL_c_locale_abbrev_month_names
 .rodata.libc.__SEGGER_RTL_data_utf8_period
                0x000000000000b99e        0x2 C:/Program Files/SEGGER/SEGGER Embedded Studio for ARM 7.10a/lib/libc_v7em_fpv4_sp_d16_hard_t_le_eabi_balanced.a(mbops.o)
                0x000000000000b99e                __SEGGER_RTL_data_utf8_period
 .rodata.libc.__SEGGER_RTL_data_empty_string
                0x000000000000b9a0        0x1 C:/Program Files/SEGGER/SEGGER Embedded Studio for ARM 7.10a/lib/libc_v7em_fpv4_sp_d16_hard_t_le_eabi_balanced.a(mbops.o)
                0x000000000000b9a0                __SEGGER_RTL_data_empty_string
 .rodata.libc.__SEGGER_RTL_c_locale_day_names
                0x000000000000b9a1       0x3a C:/Program Files/SEGGER/SEGGER Embedded Studio for ARM 7.10a/lib/libc_v7em_fpv4_sp_d16_hard_t_le_eabi_balanced.a(mbops.o)
 .rodata.libc.__SEGGER_RTL_c_locale_month_names
                0x000000000000b9db       0x57 C:/Program Files/SEGGER/SEGGER Embedded Studio for ARM 7.10a/lib/libc_v7em_fpv4_sp_d16_hard_t_le_eabi_balanced.a(mbops.o)
 .rodata.libc.__SEGGER_RTL_c_locale_am_pm_indicator
                0x000000000000ba32        0x7 C:/Program Files/SEGGER/SEGGER Embedded Studio for ARM 7.10a/lib/libc_v7em_fpv4_sp_d16_hard_t_le_eabi_balanced.a(mbops.o)
 .rodata.libc.__SEGGER_RTL_c_locale_date_format
                0x000000000000ba39        0x9 C:/Program Files/SEGGER/SEGGER Embedded Studio for ARM 7.10a/lib/libc_v7em_fpv4_sp_d16_hard_t_le_eabi_balanced.a(mbops.o)
 .rodata.libc.__SEGGER_RTL_c_locale_time_format
                0x000000000000ba42        0x9 C:/Program Files/SEGGER/SEGGER Embedded Studio for ARM 7.10a/lib/libc_v7em_fpv4_sp_d16_hard_t_le_eabi_balanced.a(mbops.o)
 .rodata.libc.__SEGGER_RTL_c_locale_date_time_format
                0x000000000000ba4b        0xf C:/Program Files/SEGGER/SEGGER Embedded Studio for ARM 7.10a/lib/libc_v7em_fpv4_sp_d16_hard_t_le_eabi_balanced.a(mbops.o)
 *fill*         0x000000000000ba5a        0x2 
 .rodata.libc.__SEGGER_RTL_c_locale_data
                0x000000000000ba5c       0x58 C:/Program Files/SEGGER/SEGGER Embedded Studio for ARM 7.10a/lib/libc_v7em_fpv4_sp_d16_hard_t_le_eabi_balanced.a(mbops.o)
                0x000000000000ba5c                __SEGGER_RTL_c_locale_data
 .rodata.libc.__SEGGER_RTL_ascii_ctype_map
                0x000000000000bab4       0x80 C:/Program Files/SEGGER/SEGGER Embedded Studio for ARM 7.10a/lib/libc_v7em_fpv4_sp_d16_hard_t_le_eabi_balanced.a(mbops.o)
 .rodata.libc.__SEGGER_RTL_ascii_ctype_mask
                0x000000000000bb34        0xd C:/Program Files/SEGGER/SEGGER Embedded Studio for ARM 7.10a/lib/libc_v7em_fpv4_sp_d16_hard_t_le_eabi_balanced.a(mbops.o)
                0x000000000000bb41                __rodata_end__ = (__rodata_start__ + SIZEOF (.rodata))
                0x0000000000005ed1                __rodata_size__ = SIZEOF (.rodata)
                0x000000000000bb41                __rodata_load_end__ = __rodata_end__

.rel.dyn        0x000000000000bb44        0x0
 .rel.iplt      0x000000000000bb44        0x0 Output/Debug/Obj/nRF52_project/main.o
                0x0000000000000001                . = ASSERT (((__rodata_start__ == __rodata_end__) || ((__rodata_end__ - __FLASH1_segment_start__) <= __FLASH1_segment_size__)), error: .rodata is too large to fit in FLASH1 memory segment)
                0x000000000000bb44                __ARM.exidx_load_start__ = ALIGN (__rodata_end__, 0x4)

.ARM.exidx      0x000000000000bb44        0x0
                0x000000000000bb44                __ARM.exidx_start__ = .
                0x000000000000bb44                __exidx_start = __ARM.exidx_start__
 *(.ARM.exidx .ARM.exidx.*)
                0x000000000000bb44                __ARM.exidx_end__ = (__ARM.exidx_start__ + SIZEOF (.ARM.exidx))
                0x0000000000000000                __ARM.exidx_size__ = SIZEOF (.ARM.exidx)
                0x000000000000bb44                __exidx_end = __ARM.exidx_end__
                0x000000000000bb44                __ARM.exidx_load_end__ = __ARM.exidx_end__
                0x0000000000000001                . = ASSERT (((__ARM.exidx_start__ == __ARM.exidx_end__) || ((__ARM.exidx_end__ - __FLASH1_segment_start__) <= __FLASH1_segment_size__)), error: .ARM.exidx is too large to fit in FLASH1 memory segment)
                0x000000000000bb44                __fast_load_start__ = ALIGN (__ARM.exidx_end__, 0x4)

.fast           0x0000000020000000        0x0 load address 0x000000000000bb44
                0x0000000020000000                __fast_start__ = .
 *(.fast .fast.*)
                0x0000000020000000                __fast_end__ = (__fast_start__ + SIZEOF (.fast))
                0x0000000000000000                __fast_size__ = SIZEOF (.fast)
                0x000000000000bb44                __fast_load_end__ = (__fast_load_start__ + SIZEOF (.fast))
                0x0000000000000001                . = ASSERT (((__fast_load_start__ == __fast_load_end__) || ((__fast_load_end__ - __FLASH1_segment_start__) <= __FLASH1_segment_size__)), error: .fast is too large to fit in FLASH1 memory segment)

.fast_run       0x0000000020000000        0x0
                0x0000000020000000                __fast_run_start__ = .
                0x0000000020000000                __fast_run_end__ = (__fast_run_start__ + SIZEOF (.fast))
                0x0000000000000000                __fast_run_size__ = (__fast_run_end__ - __fast_run_start__)
                0x0000000020000000                __fast_run_load_end__ = __fast_run_end__
                0x0000000000000001                . = ASSERT (((__fast_run_start__ == __fast_run_end__) || ((__fast_run_end__ - __RAM1_segment_start__) <= __RAM1_segment_size__)), error: .fast_run is too large to fit in RAM1 memory segment)
                0x000000000000bb44                __data_load_start__ = ALIGN ((__fast_load_start__ + SIZEOF (.fast)), 0x4)

.data           0x0000000020000000       0x70 load address 0x000000000000bb44
                0x0000000020000000                __data_start__ = .
 *(.data .data.* .gnu.linkonce.d.*)
 .data.SystemCoreClock
                0x0000000020000000        0x4 Output/Debug/Obj/nRF52_project/system_nrf52840.o
                0x0000000020000000                SystemCoreClock
 .data.m_uart   0x0000000020000004       0x14 Output/Debug/Obj/nRF52_project/nrf_log_backend_uart.o
                0x0000000020000004                m_uart
 .data.log_backend_cb_uart_log_backend
                0x0000000020000018        0x8 Output/Debug/Obj/nRF52_project/nrf_log_default_backends.o
 .data.m_buffer_mask
                0x0000000020000020        0x4 Output/Debug/Obj/nRF52_project/nrf_log_frontend.o
 .data.severity_names
                0x0000000020000024       0x14 Output/Debug/Obj/nRF52_project/nrf_log_str_formatter.o
 .data.m_colors
                0x0000000020000038       0x24 Output/Debug/Obj/nRF52_project/nrf_log_str_formatter.o
 .data.libc.__SEGGER_RTL_global_locale
                0x000000002000005c       0x14 C:/Program Files/SEGGER/SEGGER Embedded Studio for ARM 7.10a/lib/libc_v7em_fpv4_sp_d16_hard_t_le_eabi_balanced.a(mbops.o)
                0x000000002000005c                __SEGGER_RTL_global_locale
                0x000000002000005c                __RAL_global_locale
                0x0000000020000070                __data_end__ = (__data_start__ + SIZEOF (.data))
                0x0000000000000070                __data_size__ = SIZEOF (.data)
                0x000000000000bbb4                __data_load_end__ = (__data_load_start__ + SIZEOF (.data))

.igot.plt       0x0000000100000000        0x0
 .igot.plt      0x0000000100000000        0x0 Output/Debug/Obj/nRF52_project/main.o
                0x0000000000000001                . = ASSERT (((__data_load_start__ == __data_load_end__) || ((__data_load_end__ - __FLASH1_segment_start__) <= __FLASH1_segment_size__)), error: .data is too large to fit in FLASH1 memory segment)

.data_run       0x0000000020000000        0x0
                0x0000000020000000                __data_run_start__ = .
                0x0000000020000070                __data_run_end__ = (__data_run_start__ + SIZEOF (.data))
                0x0000000000000070                __data_run_size__ = (__data_run_end__ - __data_run_start__)
                0x0000000020000070                __data_run_load_end__ = __data_run_end__
                0x0000000000000001                . = ASSERT (((__data_run_start__ == __data_run_end__) || ((__data_run_end__ - __RAM1_segment_start__) <= __RAM1_segment_size__)), error: .data_run is too large to fit in RAM1 memory segment)
                0x000000000000bbb4                __tdata_load_start__ = ALIGN ((__data_load_start__ + SIZEOF (.data)), 0x4)

.tdata          0x0000000020000070        0x0 load address 0x000000000000bbb4
                0x0000000020000070                __tdata_start__ = .
 *(.tdata .tdata.*)
                0x0000000020000070                __tdata_end__ = (__tdata_start__ + SIZEOF (.tdata))
                0x0000000000000000                __tdata_size__ = SIZEOF (.tdata)
                0x000000000000bbb4                __tdata_load_end__ = (__tdata_load_start__ + SIZEOF (.tdata))
                0x000000000000bbb4                __FLASH1_segment_used_end__ = (ALIGN ((__data_load_start__ + SIZEOF (.data)), 0x4) + SIZEOF (.tdata))
                0x000000000000bbb4                __FLASH1_segment_used_size__ = (__FLASH1_segment_used_end__ - __FLASH1_segment_start__)
                0x0000000000000001                . = ASSERT (((__tdata_load_start__ == __tdata_load_end__) || ((__tdata_load_end__ - __FLASH1_segment_start__) <= __FLASH1_segment_size__)), error: .tdata is too large to fit in FLASH1 memory segment)

.tdata_run      0x0000000020000070        0x0
                0x0000000020000070                __tdata_run_start__ = .
                0x0000000020000070                __tdata_run_end__ = (__tdata_run_start__ + SIZEOF (.tdata))
                0x0000000000000000                __tdata_run_size__ = (__tdata_run_end__ - __tdata_run_start__)
                0x0000000020000070                __tdata_run_load_end__ = __tdata_run_end__
                0x0000000000000001                . = ASSERT (((__tdata_run_start__ == __tdata_run_end__) || ((__tdata_run_end__ - __RAM1_segment_start__) <= __RAM1_segment_size__)), error: .tdata_run is too large to fit in RAM1 memory segment)
                0x0000000020000070                __bss_load_start__ = ALIGN (__tdata_run_end__, 0x4)

.bss            0x0000000020000070    0x13270
                0x0000000020000070                __bss_start__ = .
 *(.bss .bss.* .gnu.linkonce.b.*)
 .bss.lcd_layer
                0x0000000020000070    0x12c00 Output/Debug/Obj/nRF52_project/lcd_power_cfg.o
 .bss.m_handlers
                0x0000000020012c70        0x8 Output/Debug/Obj/nRF52_project/nrf_drv_uart.o
 .bss.m_contexts
                0x0000000020012c78        0x8 Output/Debug/Obj/nRF52_project/nrf_drv_uart.o
 .bss.nrf_drv_uart_use_easy_dma
                0x0000000020012c80        0x2 Output/Debug/Obj/nRF52_project/nrf_drv_uart.o
                0x0000000020012c80                nrf_drv_uart_use_easy_dma
 *fill*         0x0000000020012c82        0x2 
 .bss.m_cb      0x0000000020012c84       0x6c Output/Debug/Obj/nRF52_project/nrfx_gpiote.o
 .bss.m_prs_box_4
                0x0000000020012cf0        0x8 Output/Debug/Obj/nRF52_project/nrfx_prs.o
 .bss.m_cb      0x0000000020012cf8       0x24 Output/Debug/Obj/nRF52_project/nrfx_spim.o
 .bss.m_cb      0x0000000020012d1c       0x2c Output/Debug/Obj/nRF52_project/nrfx_uart.o
 .bss.m_cb      0x0000000020012d48       0x24 Output/Debug/Obj/nRF52_project/nrfx_uarte.o
 .bss.m_error_data.0
                0x0000000020012d6c       0x20 Output/Debug/Obj/nRF52_project/app_error.o
 .bss.m_in_critical_region
                0x0000000020012d8c        0x4 Output/Debug/Obj/nRF52_project/app_util_platform.o
 .bss.m_handlers
                0x0000000020012d90        0x4 Output/Debug/Obj/nRF52_project/drv_rtc.o
 .bss.m_cb      0x0000000020012d94        0x8 Output/Debug/Obj/nRF52_project/drv_rtc.o
 .bss.m_string_buff
                0x0000000020012d9c       0x40 Output/Debug/Obj/nRF52_project/nrf_log_backend_uart.o
 .bss.m_xfer_done
                0x0000000020012ddc        0x1 Output/Debug/Obj/nRF52_project/nrf_log_backend_uart.o
 .bss.m_async_mode
                0x0000000020012ddd        0x1 Output/Debug/Obj/nRF52_project/nrf_log_backend_uart.o
 *fill*         0x0000000020012dde        0x2 
 .bss.log_mempool_nrf_balloc_pool_stack
                0x0000000020012de0        0x8 Output/Debug/Obj/nRF52_project/nrf_log_frontend.o
 .bss.log_mempool_nrf_balloc_pool_mem
                0x0000000020012de8       0xc0 Output/Debug/Obj/nRF52_project/nrf_log_frontend.o
 .bss.log_mempool_nrf_balloc_cb
                0x0000000020012ea8        0x8 Output/Debug/Obj/nRF52_project/nrf_log_frontend.o
 .bss.m_log_data
                0x0000000020012eb0      0x420 Output/Debug/Obj/nRF52_project/nrf_log_frontend.o
 .bss.m_freq    0x00000000200132d0        0x4 Output/Debug/Obj/nRF52_project/nrf_log_str_formatter.o
 .bss.m_timestamp_div
                0x00000000200132d4        0x4 Output/Debug/Obj/nRF52_project/nrf_log_str_formatter.o
 .bss.libc.__SEGGER_RTL_locale_ptr
                0x00000000200132d8        0x4 C:/Program Files/SEGGER/SEGGER Embedded Studio for ARM 7.10a/lib/libc_v7em_fpv4_sp_d16_hard_t_le_eabi_balanced.a(mbops.o)
                0x00000000200132d8                __SEGGER_RTL_locale_ptr
 .bss.libc.__SEGGER_RTL_heap_globals
                0x00000000200132dc        0x4 C:/Program Files/SEGGER/SEGGER Embedded Studio for ARM 7.10a/lib/heapops_basic_v7em_fpv4_sp_d16_hard_t_le_eabi_balanced.a(heapops_basic.o)
 *(COMMON)
                0x00000000200132e0                __bss_end__ = (__bss_start__ + SIZEOF (.bss))
                0x0000000000013270                __bss_size__ = SIZEOF (.bss)
                0x00000000200132e0                __bss_load_end__ = __bss_end__
                0x0000000000000001                . = ASSERT (((__bss_start__ == __bss_end__) || ((__bss_end__ - __RAM1_segment_start__) <= __RAM1_segment_size__)), error: .bss is too large to fit in RAM1 memory segment)
                0x00000000200132e0                __tbss_load_start__ = ALIGN (__bss_end__, 0x4)

.tbss           0x00000000200132e0        0x0
                0x00000000200132e0                __tbss_start__ = .
 *(.tbss .tbss.*)
                0x00000000200132e0                __tbss_end__ = (__tbss_start__ + SIZEOF (.tbss))
                0x0000000000000000                __tbss_size__ = SIZEOF (.tbss)
                0x00000000200132e0                __tbss_load_end__ = __tbss_end__
                0x0000000000000001                . = ASSERT (((__tbss_start__ == __tbss_end__) || ((__tbss_end__ - __RAM1_segment_start__) <= __RAM1_segment_size__)), error: .tbss is too large to fit in RAM1 memory segment)
                0x00000000200132e0                __non_init_load_start__ = ALIGN (__tbss_end__, 0x4)

.non_init       0x00000000200132e0        0x0
                0x00000000200132e0                __non_init_start__ = .
 *(.non_init .non_init.*)
                0x00000000200132e0                __non_init_end__ = (__non_init_start__ + SIZEOF (.non_init))
                0x0000000000000000                __non_init_size__ = SIZEOF (.non_init)
                0x00000000200132e0                __non_init_load_end__ = __non_init_end__
                0x0000000000000001                . = ASSERT (((__non_init_start__ == __non_init_end__) || ((__non_init_end__ - __RAM1_segment_start__) <= __RAM1_segment_size__)), error: .non_init is too large to fit in RAM1 memory segment)
                0x00000000200132e0                __heap_load_start__ = ALIGN (__non_init_end__, 0x4)

.heap           0x00000000200132e0     0x2000
                0x00000000200132e0                __heap_start__ = .
 *(.heap .heap.*)
                0x00000000200152e0                . = ALIGN (MAX ((__heap_start__ + __HEAPSIZE__), .), 0x4)
 *fill*         0x00000000200132e0     0x2000 
                0x00000000200152e0                __heap_end__ = (__heap_start__ + SIZEOF (.heap))
                0x0000000000002000                __heap_size__ = SIZEOF (.heap)
                0x00000000200152e0                __heap_load_end__ = __heap_end__
                0x0000000000000001                . = ASSERT (((__heap_start__ == __heap_end__) || ((__heap_end__ - __RAM1_segment_start__) <= __RAM1_segment_size__)), error: .heap is too large to fit in RAM1 memory segment)
                0x0000000000000001                . = ASSERT ((__heap_size__ <= __HEAPSIZE__), error: .heap is larger than specified size)
                0x000000002003e000                __stack_load_start__ = (__RAM1_segment_start__ + (__RAM1_segment_size__ - 0x2000))

.stack          0x000000002003e000     0x2000
                0x000000002003e000                __stack_start__ = .
                0x000000002003e000                __StackLimit = __stack_start__
 *(.stack .stack.*)
                0x0000000020040000                . = ALIGN (MAX ((__stack_start__ + __STACKSIZE__), .), 0x8)
 *fill*         0x000000002003e000     0x2000 
                0x0000000020040000                __stack_end__ = (__stack_start__ + SIZEOF (.stack))
                0x0000000000002000                __stack_size__ = SIZEOF (.stack)
                0x0000000020040000                __StackTop = __stack_end__
                0x0000000020040000                __stack_load_end__ = __stack_end__
                0x0000000000000001                . = ASSERT (((__stack_start__ == __stack_end__) || ((__stack_end__ - __RAM1_segment_start__) <= __RAM1_segment_size__)), error: .stack is too large to fit in RAM1 memory segment)
                0x0000000000000001                . = ASSERT ((__heap_end__ <= __stack_start__), error: section .heap overlaps absolute placed section .stack)
                0x0000000000000001                . = ASSERT ((__stack_size__ <= __STACKSIZE__), error: .stack is larger than specified size)
                0x0000000020040000                __stack_process_load_start__ = ALIGN (__stack_end__, 0x8)

.stack_process  0x0000000020040000        0x0
                0x0000000020040000                __stack_process_start__ = .
 *(.stack_process .stack_process.*)
                0x0000000020040000                . = ALIGN (MAX ((__stack_process_start__ + __STACKSIZE_PROCESS__), .), 0x8)
                0x0000000020040000                __stack_process_end__ = (__stack_process_start__ + SIZEOF (.stack_process))
                0x0000000000000000                __stack_process_size__ = SIZEOF (.stack_process)
                0x0000000020040000                __stack_process_load_end__ = __stack_process_end__
                0x0000000020040000                __RAM1_segment_used_end__ = (ALIGN (__stack_end__, 0x8) + SIZEOF (.stack_process))
                0x0000000000040000                __RAM1_segment_used_size__ = (__RAM1_segment_used_end__ - __RAM1_segment_start__)
                0x0000000000000001                . = ASSERT (((__stack_process_start__ == __stack_process_end__) || ((__stack_process_end__ - __RAM1_segment_start__) <= __RAM1_segment_size__)), error: .stack_process is too large to fit in RAM1 memory segment)
                0x0000000000000001                . = ASSERT ((__stack_process_size__ <= __STACKSIZE_PROCESS__), error: .stack_process is larger than specified size)
START GROUP
LOAD Output/Debug/Obj/nRF52_project/main.o
LOAD Output/Debug/Obj/nRF52_project/boards.o
LOAD Output/Debug/Obj/nRF52_project/bsp.o
LOAD Output/Debug/Obj/nRF52_project/lcd_power_cfg.o
LOAD Output/Debug/Obj/nRF52_project/ses_startup_nrf52840.o
LOAD Output/Debug/Obj/nRF52_project/ses_startup_nrf_common.o
LOAD Output/Debug/Obj/nRF52_project/system_nrf52840.o
LOAD Output/Debug/Obj/nRF52_project/thumb_crt0.o
LOAD Output/Debug/Obj/nRF52_project/nrf_drv_spi.o
LOAD Output/Debug/Obj/nRF52_project/nrf_drv_uart.o
LOAD Output/Debug/Obj/nRF52_project/nrfx_atomic.o
LOAD Output/Debug/Obj/nRF52_project/nrfx_gpiote.o
LOAD Output/Debug/Obj/nRF52_project/nrfx_prs.o
LOAD Output/Debug/Obj/nRF52_project/nrfx_spi.o
LOAD Output/Debug/Obj/nRF52_project/nrfx_spim.o
LOAD Output/Debug/Obj/nRF52_project/nrfx_uart.o
LOAD Output/Debug/Obj/nRF52_project/nrfx_uarte.o
LOAD Output/Debug/Obj/nRF52_project/app_button.o
LOAD Output/Debug/Obj/nRF52_project/app_error.o
LOAD Output/Debug/Obj/nRF52_project/app_error_handler_gcc.o
LOAD Output/Debug/Obj/nRF52_project/app_error_weak.o
LOAD Output/Debug/Obj/nRF52_project/app_scheduler.o
LOAD Output/Debug/Obj/nRF52_project/app_timer2.o
LOAD Output/Debug/Obj/nRF52_project/app_util_platform.o
LOAD Output/Debug/Obj/nRF52_project/drv_rtc.o
LOAD Output/Debug/Obj/nRF52_project/nrf_assert.o
LOAD Output/Debug/Obj/nRF52_project/nrf_atfifo.o
LOAD Output/Debug/Obj/nRF52_project/nrf_atomic.o
LOAD Output/Debug/Obj/nRF52_project/nrf_balloc.o
LOAD Output/Debug/Obj/nRF52_project/nrf_fprintf.o
LOAD Output/Debug/Obj/nRF52_project/nrf_fprintf_format.o
LOAD Output/Debug/Obj/nRF52_project/nrf_memobj.o
LOAD Output/Debug/Obj/nRF52_project/nrf_ringbuf.o
LOAD Output/Debug/Obj/nRF52_project/nrf_sortlist.o
LOAD Output/Debug/Obj/nRF52_project/nrf_strerror.o
LOAD Output/Debug/Obj/nRF52_project/nrf_log_backend_rtt.o
LOAD Output/Debug/Obj/nRF52_project/nrf_log_backend_serial.o
LOAD Output/Debug/Obj/nRF52_project/nrf_log_backend_uart.o
LOAD Output/Debug/Obj/nRF52_project/nrf_log_default_backends.o
LOAD Output/Debug/Obj/nRF52_project/nrf_log_frontend.o
LOAD Output/Debug/Obj/nRF52_project/nrf_log_str_formatter.o
LOAD Output/Debug/Obj/nRF52_project/SEGGER_RTT.o
LOAD Output/Debug/Obj/nRF52_project/SEGGER_RTT_Syscalls_SES.o
LOAD Output/Debug/Obj/nRF52_project/SEGGER_RTT_printf.o
LOAD C:/Program Files/SEGGER/SEGGER Embedded Studio for ARM 7.10a/lib/libc_v7em_fpv4_sp_d16_hard_t_le_eabi_balanced.a
LOAD C:/Program Files/SEGGER/SEGGER Embedded Studio for ARM 7.10a/lib/heapops_basic_v7em_fpv4_sp_d16_hard_t_le_eabi_balanced.a
LOAD C:/Program Files/SEGGER/SEGGER Embedded Studio for ARM 7.10a/lib/heapops_disable_interrupts_locking_v7em_fpv4_sp_d16_hard_t_le_eabi_balanced.a
END GROUP
OUTPUT(C:/Users/HyukSu/Documents/SEGGER Embedded Studio for ARM Projects/nRF52 project/ses/Output/Debug/Exe/nRF52_project.elf elf32-littlearm)
LOAD linker stubs

.debug_frame    0x0000000000000000     0x6a80
 .debug_frame   0x0000000000000000       0xec Output/Debug/Obj/nRF52_project/main.o
 .debug_frame   0x00000000000000ec      0x460 Output/Debug/Obj/nRF52_project/boards.o
 .debug_frame   0x000000000000054c      0x298 Output/Debug/Obj/nRF52_project/lcd_power_cfg.o
 .debug_frame   0x00000000000007e4     0x1f00 Output/Debug/Obj/nRF52_project/system_nrf52840.o
 .debug_frame   0x00000000000026e4       0x8c Output/Debug/Obj/nRF52_project/nrf_drv_uart.o
 .debug_frame   0x0000000000002770      0xcf0 Output/Debug/Obj/nRF52_project/nrfx_gpiote.o
 .debug_frame   0x0000000000003460       0x9c Output/Debug/Obj/nRF52_project/nrfx_prs.o
 .debug_frame   0x00000000000034fc      0x6d8 Output/Debug/Obj/nRF52_project/nrfx_spim.o
 .debug_frame   0x0000000000003bd4      0x870 Output/Debug/Obj/nRF52_project/nrfx_uart.o
 .debug_frame   0x0000000000004444      0x7fc Output/Debug/Obj/nRF52_project/nrfx_uarte.o
 .debug_frame   0x0000000000004c40      0x1f0 Output/Debug/Obj/nRF52_project/app_button.o
 .debug_frame   0x0000000000004e30       0x58 Output/Debug/Obj/nRF52_project/app_error.o
 .debug_frame   0x0000000000004e88       0x20 Output/Debug/Obj/nRF52_project/app_error_handler_gcc.o
 .debug_frame   0x0000000000004ea8       0x3c Output/Debug/Obj/nRF52_project/app_error_weak.o
 .debug_frame   0x0000000000004ee4      0x390 Output/Debug/Obj/nRF52_project/app_timer2.o
 .debug_frame   0x0000000000005274       0xe8 Output/Debug/Obj/nRF52_project/app_util_platform.o
 .debug_frame   0x000000000000535c      0x61c Output/Debug/Obj/nRF52_project/drv_rtc.o
 .debug_frame   0x0000000000005978       0x38 Output/Debug/Obj/nRF52_project/nrf_assert.o